Component: ARM Compiler 5.06 update 1 (build 61) Tool: armlink [4d35a8]

==============================================================================

Section Cross References

    system_stm32f10x.o(i.SetSysClock) refers to system_stm32f10x.o(i.SetSysClockTo72) for SetSysClockTo72
    system_stm32f10x.o(i.SystemCoreClockUpdate) refers to system_stm32f10x.o(.data) for SystemCoreClock
    system_stm32f10x.o(i.SystemInit) refers to system_stm32f10x.o(i.SetSysClock) for SetSysClock
    main.o(i.Clear_Data_RX) refers to main.o(.bss) for RxBuffer
    main.o(i.Clear_Data_RX) refers to main.o(.data) for RxCounter
    main.o(i.EXTI0_IRQHandler) refers to stm32f10x_exti.o(i.EXTI_ClearFlag) for EXTI_ClearFlag
    main.o(i.EXTI0_IRQHandler) refers to main.o(.data) for interrupt_X
    main.o(i.EXTI1_IRQHandler) refers to stm32f10x_exti.o(i.EXTI_ClearFlag) for EXTI_ClearFlag
    main.o(i.EXTI1_IRQHandler) refers to main.o(.data) for interrupt_Y
    main.o(i.EXTI3_IRQHandler) refers to stm32f10x_exti.o(i.EXTI_ClearFlag) for EXTI_ClearFlag
    main.o(i.EXTI3_IRQHandler) refers to main.o(.data) for interrupt_Z
    main.o(i.EXTI4_IRQHandler) refers to stm32f10x_exti.o(i.EXTI_ClearFlag) for EXTI_ClearFlag
    main.o(i.EXTI4_IRQHandler) refers to main.o(.data) for interrupt_B
    main.o(i.EXTI9_5_IRQHandler) refers to stm32f10x_exti.o(i.EXTI_GetITStatus) for EXTI_GetITStatus
    main.o(i.EXTI9_5_IRQHandler) refers to stm32f10x_exti.o(i.EXTI_ClearFlag) for EXTI_ClearFlag
    main.o(i.USART1_IRQHandler) refers to stm32f10x_usart.o(i.USART_GetITStatus) for USART_GetITStatus
    main.o(i.USART1_IRQHandler) refers to stm32f10x_usart.o(i.USART_ReceiveData) for USART_ReceiveData
    main.o(i.USART1_IRQHandler) refers to main.o(.data) for data_RX
    main.o(i.USART1_IRQHandler) refers to main.o(.bss) for RxBuffer
    main.o(i.cJSON_handler) refers to cjson.o(i.cJSON_Parse) for cJSON_Parse
    main.o(i.cJSON_handler) refers to cjson.o(i.cJSON_GetObjectItem) for cJSON_GetObjectItem
    main.o(i.cJSON_handler) refers to strstr.o(.text) for strstr
    main.o(i.cJSON_handler) refers to dfixu.o(x$fpl$dfixu) for __aeabi_d2uiz
    main.o(i.cJSON_handler) refers to cjson.o(i.cJSON_Delete) for cJSON_Delete
    main.o(i.cJSON_handler) refers to main.o(i.Clear_Data_RX) for Clear_Data_RX
    main.o(i.cJSON_handler) refers to main.o(.data) for DataJson
    main.o(i.distance_pipet) refers to io.o(i.step_motor) for step_motor
    main.o(i.distance_pipet) refers to main.o(.data) for stepZ_number
    main.o(i.drop_water) refers to io.o(i.step_motor) for step_motor
    main.o(i.drop_water) refers to stm32f10x_gpio.o(i.GPIO_SetBits) for GPIO_SetBits
    main.o(i.drop_water) refers to delay.o(i.delay_ms) for delay_ms
    main.o(i.drop_water) refers to stm32f10x_gpio.o(i.GPIO_ResetBits) for GPIO_ResetBits
    main.o(i.drop_water) refers to main.o(.data) for stepZ_number
    main.o(i.home) refers to io.o(i.step_motor) for step_motor
    main.o(i.home) refers to stm32f10x_gpio.o(i.GPIO_ReadInputDataBit) for GPIO_ReadInputDataBit
    main.o(i.home) refers to main.o(.data) for interrupt_Z
    main.o(i.main) refers to delay.o(i.delay_init) for delay_init
    main.o(i.main) refers to usart.o(i.USARTx_Init) for USARTx_Init
    main.o(i.main) refers to io.o(i.io_Set) for io_Set
    main.o(i.main) refers to stm32f10x_gpio.o(i.GPIO_ResetBits) for GPIO_ResetBits
    main.o(i.main) refers to exit.o(i.exit_Init) for exit_Init
    main.o(i.main) refers to main.o(i.select_pin_special_PB3) for select_pin_special_PB3
    main.o(i.main) refers to usart.o(i.USART_Puts) for USART_Puts
    main.o(i.main) refers to main.o(i.sendData) for sendData
    main.o(i.main) refers to main.o(i.cJSON_handler) for cJSON_handler
    main.o(i.main) refers to main.o(.bss) for homeJson
    main.o(i.main) refers to main.o(.data) for numberDropJson
    main.o(i.select_pin_special_PB3) refers to stm32f10x_rcc.o(i.RCC_APB2PeriphClockCmd) for RCC_APB2PeriphClockCmd
    main.o(i.select_pin_special_PB3) refers to stm32f10x_gpio.o(i.GPIO_PinRemapConfig) for GPIO_PinRemapConfig
    main.o(i.select_pin_special_PB3) refers to stm32f10x_gpio.o(i.GPIO_Init) for GPIO_Init
    main.o(i.sendData) refers to _printf_percent.o(.ARM.Collect$$_printf_percent$$00000000) for _printf_percent
    main.o(i.sendData) refers to _printf_s.o(.ARM.Collect$$_printf_percent$$00000014) for _printf_s
    main.o(i.sendData) refers to _printf_str.o(.text) for _printf_str
    main.o(i.sendData) refers to _printf_d.o(.ARM.Collect$$_printf_percent$$00000009) for _printf_d
    main.o(i.sendData) refers to _printf_dec.o(.text) for _printf_int_dec
    main.o(i.sendData) refers to __2sprintf.o(.text) for __2sprintf
    main.o(i.sendData) refers to strcat.o(.text) for strcat
    main.o(i.sendData) refers to __2printf.o(.text) for __2printf
    main.o(i.sendData) refers to main.o(.bss) for str_homeJson
    main.o(i.sendData) refers to main.o(.data) for numberDropJson
    main.o(i.take_water) refers to io.o(i.step_motor) for step_motor
[...]
    .text                                    0x080001fc   Section       64  startup_stm32f10x_md.o(.text)
    .text                                    0x0800023c   Section        0  h1_alloc.o(.text)
    .text                                    0x0800029a   Section        0  h1_free.o(.text)
    .text                                    0x080002e8   Section        0  h1_realloc.o(.text)
    .text                                    0x080003a0   Section        0  tolower.o(.text)
    .text                                    0x080003bc   Section        0  __2printf.o(.text)
    .text                                    0x080003d4   Section        0  __2sprintf.o(.text)
    .text                                    0x08000400   Section        0  _printf_str.o(.text)
    .text                                    0x08000454   Section        0  _printf_dec.o(.text)
    .text                                    0x080004cc   Section        0  __printf_flags_wp.o(.text)
    .text                                    0x08000604   Section        0  strstr.o(.text)
    .text                                    0x08000628   Section        0  strlen.o(.text)
    .text                                    0x08000666   Section        0  strncmp.o(.text)
    .text                                    0x080006fc   Section        0  strcat.o(.text)
    .text                                    0x08000714   Section      100  rt_memcpy_w.o(.text)
    .text                                    0x08000778   Section       78  rt_memclr_w.o(.text)
    .text                                    0x080007c8   Section      128  strcmpv7m.o(.text)
    .text                                    0x08000848   Section        0  heapauxi.o(.text)
    .text                                    0x08000850   Section       16  rt_ctype_table.o(.text)
    .text                                    0x08000860   Section        8  rt_heap_descriptor_intlibspace.o(.text)
    .text                                    0x08000868   Section        0  hguard.o(.text)
    .text                                    0x0800086c   Section        0  init_alloc.o(.text)
    .text                                    0x080008f6   Section        0  h1_init.o(.text)
    .text                                    0x08000904   Section        0  _printf_intcommon.o(.text)
    .text                                    0x080009b8   Section        0  _printf_char_common.o(.text)
    _printf_input_char                       0x080009b9   Thumb Code    10  _printf_char_common.o(.text)
    .text                                    0x080009e8   Section        0  _sputc.o(.text)
    .text                                    0x080009f2   Section        0  _printf_char.o(.text)
    .text                                    0x08000a20   Section        0  _printf_char_file.o(.text)
    .text                                    0x08000a44   Section        0  scanf_fp.o(.text)
    _fp_value                                0x08000a45   Thumb Code   508  scanf_fp.o(.text)
    .text                                    0x08000ee8   Section        0  _sgetc.o(.text)
    .text                                    0x08000f28   Section        0  strtod.o(.text)
    _local_sscanf                            0x08000f29   Thumb Code    60  strtod.o(.text)
    .text                                    0x08000fc8   Section        8  libspace.o(.text)
    .text                                    0x08000fd0   Section        8  rt_locale_intlibspace.o(.text)
    .text                                    0x08000fd8   Section        8  rt_errno_addr_intlibspace.o(.text)
    .text                                    0x08000fe0   Section        0  h1_extend.o(.text)
    .text                                    0x08001014   Section        0  isspace.o(.text)
    .text                                    0x08001028   Section        0  bigflt0.o(.text)
    .text                                    0x08001104   Section        0  ferror.o(.text)
    .text                                    0x0800110c   Section        0  defsig_rtmem_outer.o(.text)
    .text                                    0x0800111a   Section        2  use_no_semi.o(.text)
    .text                                    0x0800111c   Section        0  indicate_semi.o(.text)
    .text                                    0x0800111c   Section       74  sys_stackheap_outer.o(.text)
    .text                                    0x08001166   Section        0  _rserrno.o(.text)
    .text                                    0x0800117c   Section        0  scanf_hexfp.o(.text)
    .text                                    0x08001494   Section        0  scanf_infnan.o(.text)
    .text                                    0x080015c8   Section        0  exit.o(.text)
    .text                                    0x080015da   Section        0  defsig_exit.o(.text)
    .text                                    0x080015e4   Section        0  defsig_rtmem_inner.o(.text)
    .text                                    0x08001634   Section        0  sys_exit.o(.text)
    .text                                    0x08001640   Section       38  llshl.o(.text)
    .text                                    0x08001666   Section        0  _chval.o(.text)
    .text                                    0x08001682   Section        0  defsig_general.o(.text)
    .text                                    0x080016b4   Section        0  sys_wrch.o(.text)
    CL$$btod_div_common                      0x080016c2   Section      824  btod.o(CL$$btod_div_common)
    CL$$btod_e2d                             0x080019fc   Section       84  btod.o(CL$$btod_e2d)
    CL$$btod_e2e                             0x08001a50   Section      198  btod.o(CL$$btod_e2e)
    CL$$btod_ediv                            0x08001b16   Section       40  btod.o(CL$$btod_ediv)
    CL$$btod_edivd                           0x08001b3e   Section       40  btod.o(CL$$btod_edivd)
    CL$$btod_emul                            0x08001b66   Section       40  btod.o(CL$$btod_emul)
    CL$$btod_emuld                           0x08001b8e   Section       40  btod.o(CL$$btod_emuld)
    CL$$btod_mult_common                     0x08001bb6   Section      580  btod.o(CL$$btod_mult_common)
    i.BusFault_Handler                       0x08001dfa   Section        0  stm32f10x_it.o(i.BusFault_Handler)
    i.Clear_Data_RX                          0x08001e00   Section        0  main.o(i.Clear_Data_RX)
    i.DebugMon_Handler                       0x08001e24   Section        0  stm32f10x_it.o(i.DebugMon_Handler)
    i.EXTI0_IRQHandler                       0x08001e28   Section        0  main.o(i.EXTI0_IRQHandler)
    i.EXTI1_IRQHandler                       0x08001e3c   Section        0  main.o(i.EXTI1_IRQHandler)
    i.EXTI3_IRQHandler                       0x08001e50   Section        0  main.o(i.EXTI3_IRQHandler)
    i.EXTI4_IRQHandler                       0x08001e64   Section        0  main.o(i.EXTI4_IRQHandler)
    i.EXTI9_5_IRQHandler                     0x08001e78   Section        0  main.o(i.EXTI9_5_IRQHandler)
    i.EXTI_ClearFlag                         0x08001e98   Section        0  stm32f10x_exti.o(i.EXTI_ClearFlag)
    i.EXTI_GetITStatus                       0x08001ea4   Section        0  stm32f10x_exti.o(i.EXTI_GetITStatus)
    i.EXTI_Init                              0x08001ecc   Section        0  stm32f10x_exti.o(i.EXTI_Init)
    i.GPIO_EXTILineConfig                    0x08001f60   Section        0  stm32f10x_gpio.o(i.GPIO_EXTILineConfig)
    i.GPIO_Init                              0x08001fa0   Section        0  stm32f10x_gpio.o(i.GPIO_Init)
    i.GPIO_PinRemapConfig                    0x080020b8   Section        0  stm32f10x_gpio.o(i.GPIO_PinRemapConfig)
    i.GPIO_ResetBits                         0x08002148   Section        0  stm32f10x_gpio.o(i.GPIO_ResetBits)
    i.HardFault_Handler                      0x0800214c   Section        0  stm32f10x_it.o(i.HardFault_Handler)
    i.MemManage_Handler                      0x08002150   Section        0  stm32f10x_it.o(i.MemManage_Handler)
    i.NMI_Handler                            0x08002154   Section        0  stm32f10x_it.o(i.NMI_Handler)
    i.NVIC_Init                              0x08002158   Section        0  misc.o(i.NVIC_Init)
    i.NVIC_PriorityGroupConfig               0x080021c8   Section        0  misc.o(i.NVIC_PriorityGroupConfig)
    i.RCC_APB1PeriphClockCmd                 0x080021dc   Section        0  stm32f10x_rcc.o(i.RCC_APB1PeriphClockCmd)
    i.RCC_APB1PeriphResetCmd                 0x080021fc   Section        0  stm32f10x_rcc.o(i.RCC_APB1PeriphResetCmd)
    i.RCC_APB2PeriphClockCmd                 0x0800221c   Section        0  stm32f10x_rcc.o(i.RCC_APB2PeriphClockCmd)
    i.RCC_APB2PeriphResetCmd                 0x0800223c   Section        0  stm32f10x_rcc.o(i.RCC_APB2PeriphResetCmd)
    i.RCC_GetClocksFreq                      0x0800225c   Section        0  stm32f10x_rcc.o(i.RCC_GetClocksFreq)
    i.SVC_Handler                            0x08002330   Section        0  stm32f10x_it.o(i.SVC_Handler)
    i.SetSysClock                            0x08002332   Section        0  system_stm32f10x.o(i.SetSysClock)
    SetSysClock                              0x08002333   Thumb Code     8  system_stm32f10x.o(i.SetSysClock)
    i.SetSysClockTo72                        0x0800233c   Section        0  system_stm32f10x.o(i.SetSysClockTo72)
    SetSysClockTo72                          0x0800233d   Thumb Code   214  system_stm32f10x.o(i.SetSysClockTo72)
    i.SysTick_Handler                        0x0800241c   Section        0  delay.o(i.SysTick_Handler)
    i.SystemInit                             0x0800243c   Section        0  system_stm32f10x.o(i.SystemInit)
    i.USART1_IRQHandler                      0x0800249c   Section        0  main.o(i.USART1_IRQHandler)
    i.USART1_InitPins                        0x080024ec   Section        0  usart.o(i.USART1_InitPins)
    i.USART2_IRQHandler                      0x08002574   Section        0  usart.o(i.USART2_IRQHandler)
    i.USART2_InitPins                        0x0800259c   Section        0  usart.o(i.USART2_InitPins)
    i.USART3_IRQHandler                      0x08002628   Section        0  usart.o(i.USART3_IRQHandler)
    i.USART3_InitPins                        0x08002650   Section        0  usart.o(i.USART3_InitPins)
    i.USART_Cmd                              0x08002724   Section        0  stm32f10x_usart.o(i.USART_Cmd)
    i.USART_DeInit                           0x0800273c   Section        0  stm32f10x_usart.o(i.USART_DeInit)
    i.USART_GetFlagStatus                    0x080027d8   Section        0  stm32f10x_usart.o(i.USART_GetFlagStatus)
    i.USART_GetITStatus                      0x080027f2   Section        0  stm32f10x_usart.o(i.USART_GetITStatus)
    i.USART_INT_GetSubPriority               0x08002848   Section        0  usart.o(i.USART_INT_GetSubPriority)
    i.USART_INT_InsertToBuffer               0x08002870   Section        0  usart.o(i.USART_INT_InsertToBuffer)
    i.USART_ITConfig                         0x0800289c   Section        0  stm32f10x_usart.o(i.USART_ITConfig)
    i.USART_Init                             0x080028e8   Section        0  stm32f10x_usart.o(i.USART_Init)
    i.USART_Putc                             0x080029c0   Section        0  usart.o(i.USART_Putc)
    i.USART_Puts                             0x080029da   Section        0  usart.o(i.USART_Puts)
    i.USART_ReceiveData                      0x080029f4   Section        0  stm32f10x_usart.o(i.USART_ReceiveData)
    i.USARTx_Init                            0x08002a00   Section        0  usart.o(i.USARTx_Init)
    i.UsageFault_Handler                     0x08002ae8   Section        0  stm32f10x_it.o(i.UsageFault_Handler)
    i.__mathlib_dbl_overflow                 0x08002aec   Section        0  dunder.o(i.__mathlib_dbl_overflow)
    i.__mathlib_dbl_underflow                0x08002afc   Section        0  dunder.o(i.__mathlib_dbl_underflow)
    i.__mathlib_narrow                       0x08002b0c   Section        0  narrow.o(i.__mathlib_narrow)
    i.__mathlib_tofloat                      0x08002b1c   Section        0  narrow.o(i.__mathlib_tofloat)
    i.__support_ldexp                        0x08002ba4   Section        0  ldexp.o(i.__support_ldexp)
    i._is_digit                              0x08002bba   Section        0  __printf_wp.o(i._is_digit)
    i.buffer_skip_whitespace                 0x08002bc8   Section        0  cjson.o(i.buffer_skip_whitespace)
    buffer_skip_whitespace                   0x08002bc9   Thumb Code    72  cjson.o(i.buffer_skip_whitespace)
    i.cJSON_Delete                           0x08002c10   Section        0  cjson.o(i.cJSON_Delete)
    i.cJSON_GetObjectItem                    0x08002c68   Section        0  cjson.o(i.cJSON_GetObjectItem)
    i.cJSON_New_Item                         0x08002c7a   Section        0  cjson.o(i.cJSON_New_Item)
    cJSON_New_Item                           0x08002c7b   Thumb Code    26  cjson.o(i.cJSON_New_Item)
    i.cJSON_Parse                            0x08002c94   Section        0  cjson.o(i.cJSON_Parse)
    i.cJSON_ParseWithLengthOpts              0x08002ca4   Section        0  cjson.o(i.cJSON_ParseWithLengthOpts)
    i.cJSON_ParseWithOpts                    0x08002d78   Section        0  cjson.o(i.cJSON_ParseWithOpts)
    i.cJSON_handler                          0x08002da0   Section        0  main.o(i.cJSON_handler)
    i.case_insensitive_strcmp                0x08002f24   Section        0  cjson.o(i.case_insensitive_strcmp)
    case_insensitive_strcmp                  0x08002f25   Thumb Code    72  cjson.o(i.case_insensitive_strcmp)
    i.delay_init                             0x08002f6c   Section        0  delay.o(i.delay_init)
    i.exit_Init                              0x08002fd4   Section        0  exit.o(i.exit_Init)
    i.fputc                                  0x080031b0   Section        0  usart.o(i.fputc)
    i.frexp                                  0x080031c8   Section        0  frexp.o(i.frexp)
    i.get_decimal_point                      0x08003220   Section        0  cjson.o(i.get_decimal_point)
    get_decimal_point                        0x08003221   Thumb Code     4  cjson.o(i.get_decimal_point)
    i.get_object_item                        0x08003224   Section        0  cjson.o(i.get_object_item)
    get_object_item                          0x08003225   Thumb Code    82  cjson.o(i.get_object_item)
    i.io_Set                                 0x08003278   Section        0  io.o(i.io_Set)
    i.ldexp                                  0x08003324   Section        0  ldexp.o(i.ldexp)
    i.main                                   0x08003398   Section        0  main.o(i.main)
    i.parse_array                            0x08003490   Section        0  cjson.o(i.parse_array)
    parse_array                              0x08003491   Thumb Code   248  cjson.o(i.parse_array)
    i.parse_hex4                             0x08003588   Section        0  cjson.o(i.parse_hex4)
    parse_hex4                               0x08003589   Thumb Code    90  cjson.o(i.parse_hex4)
    i.parse_number                           0x080035e4   Section        0  cjson.o(i.parse_number)
    parse_number                             0x080035e5   Thumb Code   298  cjson.o(i.parse_number)
    i.parse_object                           0x0800371c   Section        0  cjson.o(i.parse_object)
    parse_object                             0x0800371d   Thumb Code   318  cjson.o(i.parse_object)
    i.parse_string                           0x0800385a   Section        0  cjson.o(i.parse_string)
    parse_string                             0x0800385b   Thumb Code   396  cjson.o(i.parse_string)
    i.parse_value                            0x080039e8   Section        0  cjson.o(i.parse_value)
    parse_value                              0x080039e9   Thumb Code   290  cjson.o(i.parse_value)
    i.select_pin_special_PB3                 0x08003b24   Section        0  main.o(i.select_pin_special_PB3)
    i.sendData                               0x08003b64   Section        0  main.o(i.sendData)
    i.skip_utf8_bom                          0x08003cd0   Section        0  cjson.o(i.skip_utf8_bom)
    skip_utf8_bom                            0x08003cd1   Thumb Code    56  cjson.o(i.skip_utf8_bom)
    i.strtod                                 0x08003d0c   Section        0  strtod.o(i.strtod)
    i.utf16_literal_to_utf8                  0x08003d28   Section        0  cjson.o(i.utf16_literal_to_utf8)
    utf16_literal_to_utf8                    0x08003d29   Thumb Code   300  cjson.o(i.utf16_literal_to_utf8)
    locale$$code                             0x08003e54   Section       44  lc_ctype_c.o(locale$$code)
    locale$$code                             0x08003e80   Section       44  lc_numeric_c.o(locale$$code)
    x$fpl$d2f                                0x08003eac   Section       98  d2f.o(x$fpl$d2f)
    x$fpl$dcheck1                            0x08003f10   Section       16  dcheck1.o(x$fpl$dcheck1)
    x$fpl$dcmpinf                            0x08003f20   Section       24  dcmpi.o(x$fpl$dcmpinf)
    x$fpl$deqf                               0x08003f38   Section      120  deqf.o(x$fpl$deqf)
    x$fpl$dfix                               0x08003fb0   Section       94  dfix.o(x$fpl$dfix)
    x$fpl$dfixu                              0x08004010   Section       90  dfixu.o(x$fpl$dfixu)
    x$fpl$dleqf                              0x0800406c   Section      120  dleqf.o(x$fpl$dleqf)
    x$fpl$dnaninf                            0x080040e4   Section      156  dnaninf.o(x$fpl$dnaninf)
    x$fpl$drleqf                             0x08004180   Section      108  drleqf.o(x$fpl$drleqf)
    x$fpl$fretinf                            0x080041ec   Section       10  fretinf.o(x$fpl$fretinf)
    x$fpl$retnan                             0x080041f6   Section      100  retnan.o(x$fpl$retnan)
    x$fpl$scalbn                             0x0800425a   Section       92  scalbn.o(x$fpl$scalbn)
    x$fpl$scanf1                             0x080042b6   Section        4  scanf1.o(x$fpl$scanf1)
    x$fpl$scanf2                             0x080042ba   Section        8  scanf2.o(x$fpl$scanf2)
    x$fpl$trapveneer                         0x080042c2   Section       48  trapv.o(x$fpl$trapveneer)
    .constdata                               0x080042f2   Section       17  __printf_flags_wp.o(.constdata)
    x$fpl$usenofp                            0x080042f2   Section        0  usenofp.o(x$fpl$usenofp)
    maptable                                 0x080042f2   Data          17  __printf_flags_wp.o(.constdata)
    .constdata                               0x08004304   Section      148  bigflt0.o(.constdata)
    tenpwrs_x                                0x08004304   Data          60  bigflt0.o(.constdata)
    tenpwrs_i                                0x08004340   Data          64  bigflt0.o(.constdata)
    c$$dinf                                  0x080043b8   Section        8  fpconst.o(c$$dinf)
    locale$$data                             0x080043c0   Section      272  lc_ctype_c.o(locale$$data)
    __lcctype_c_name                         0x080043c4   Data           2  lc_ctype_c.o(locale$$data)
    __lcctype_c_start                        0x080043cc   Data           0  lc_ctype_c.o(locale$$data)
    locale$$data                             0x080044d0   Section       28  lc_numeric_c.o(locale$$data)
    __lcctype_c_end                          0x080044d0   Data           0  lc_ctype_c.o(locale$$data)
    __lcnum_c_name                           0x080044d4   Data           2  lc_numeric_c.o(locale$$data)
    __lcnum_c_start                          0x080044dc   Data           0  lc_numeric_c.o(locale$$data)
    __lcnum_c_point                          0x080044e8   Data           0  lc_numeric_c.o(locale$$data)
    __lcnum_c_thousands                      0x080044ea   Data           0  lc_numeric_c.o(locale$$data)
    __lcnum_c_grouping                       0x080044eb   Data           0  lc_numeric_c.o(locale$$data)
    __lcnum_c_end                            0x080044ec   Data           0  lc_numeric_c.o(locale$$data)
    .data                                    0x20000000   Section       20  system_stm32f10x.o(.data)
    .data                                    0x20000014   Section      256  main.o(.data)
    .data                                    0x20000114   Section       20  stm32f10x_rcc.o(.data)
    APBAHBPrescTable                         0x20000114   Data          16  stm32f10x_rcc.o(.data)
    ADCPrescTable                            0x20000124   Data           4  stm32f10x_rcc.o(.data)
    .data                                    0x20000128   Section       12  delay.o(.data)
    .data                                    0x20000134   Section       44  usart.o(.data)
    .data                                    0x20000160   Section       20  cjson.o(.data)
    global_error                             0x20000160   Data           8  cjson.o(.data)
    global_hooks                             0x20000168   Data          12  cjson.o(.data)
    .bss                                     0x20000174   Section      460  main.o(.bss)
    .bss                                     0x20000340   Section       96  usart.o(.bss)
    .bss                                     0x200003a0   Section       96  libspace.o(.bss)
    HEAP                                     0x20000400   Section      512  startup_stm32f10x_md.o(HEAP)
    Heap_Mem                                 0x20000400   Data         512  startup_stm32f10x_md.o(HEAP)
    STACK                                    0x20000600   Section     1024  startup_stm32f10x_md.o(STACK)
    Stack_Mem                                0x20000600   Data        1024  startup_stm32f10x_md.o(STACK)
    __initial_sp                             0x20000a00   Data           0  startup_stm32f10x_md.o(STACK)

    Global Symbols

    Symbol Name                              Value     Ov Type        Size  Object(Section)

    BuildAttributes$$THM_ISAv4$P$D$K$B$S$PE$A:L22UL41UL21$X:L11$S22US41US21$IEEE1$IW$USESV6$~STKCKD$USESV7$~SHL$OTIME$ROPI$IEEEX$EBA8$UX$STANDARDLIB$REQ8$PRES8$EABIv2 0x00000000   Number         0  anon$$obj.o ABSOLUTE
    __ARM_use_no_argv                        0x00000000   Number         0  main.o ABSOLUTE
    _printf_flags                            0x00000000   Number         0  printf_stubs.o ABSOLUTE
    _printf_return_value                     0x00000000   Number         0  printf_stubs.o ABSOLUTE
    _printf_sizespec                         0x00000000   Number         0  printf_stubs.o ABSOLUTE
    _printf_widthprec                        0x00000000   Number         0  printf_stubs.o ABSOLUTE
    __ARM_exceptions_init                     - Undefined Weak Reference
    __alloca_initialize                       - Undefined Weak Reference
    __arm_preinit_                            - Undefined Weak Reference
    __cpp_initialize__aeabi_                  - Undefined Weak Reference
    __cxa_finalize                            - Undefined Weak Reference
    __sigvec_lookup                           - Undefined Weak Reference
    __user_heap_extent                        - Undefined Weak Reference
    _atexit_init                              - Undefined Weak Reference
    _call_atexit_fns                          - Undefined Weak Reference
    _clock_init                               - Undefined Weak Reference
    _fp_trap_init                             - Undefined Weak Reference
    _fp_trap_shutdown                         - Undefined Weak Reference
    _get_lc_collate                           - Undefined Weak Reference
    _get_lc_monetary                          - Undefined Weak Reference
    _get_lc_time                              - Undefined Weak Reference
    _getenv_init                              - Undefined Weak Reference
    _handle_redirection                       - Undefined Weak Reference
    _initio                                   - Undefined Weak Reference
    _mutex_acquire                            - Undefined Weak Reference
    _mutex_free                               - Undefined Weak Reference
    _mutex_release                            - Undefined Weak Reference
    _printf_mbtowc                            - Undefined Weak Reference
    _printf_truncate_signed                   - Undefined Weak Reference
    _printf_truncate_unsigned                 - Undefined Weak Reference
    _rand_init                                - Undefined Weak Reference
    _scanf_int                                - Undefined Weak Reference
    _scanf_longlong                           - Undefined Weak Reference
    _scanf_mbtowc                             - Undefined Weak Reference
    _scanf_string                             - Undefined Weak Reference
    _scanf_wctomb                             - Undefined Weak Reference
    _scanf_wstring                            - Undefined Weak Reference
    _signal_finish                            - Undefined Weak Reference
    _signal_init                              - Undefined Weak Reference
    _terminateio                              - Undefined Weak Reference
    __Vectors_Size                           0x000000ec   Number         0  startup_stm32f10x_md.o ABSOLUTE
    __Vectors                                0x08000000   Data           4  startup_stm32f10x_md.o(RESET)
    __Vectors_End                            0x080000ec   Data           0  startup_stm32f10x_md.o(RESET)
    __main                                   0x080000ed   Thumb Code     8  __main.o(!!!main)
    __scatterload                            0x080000f5   Thumb Code     0  __scatter.o(!!!scatter)
    __scatterload_rt2                        0x080000f5   Thumb Code    44  __scatter.o(!!!scatter)
    __scatterload_rt2_thumb_only             0x080000f5   Thumb Code     0  __scatter.o(!!!scatter)
    __scatterload_null                       0x08000103   Thumb Code     0  __scatter.o(!!!scatter)
    __decompress                             0x08000129   Thumb Code    90  __dczerorl2.o(!!dczerorl2)
    __decompress1                            0x08000129   Thumb Code     0  __dczerorl2.o(!!dczerorl2)
    __scatterload_zeroinit                   0x08000185   Thumb Code    28  __scatter_zi.o(!!handler_zi)
    _printf_d                                0x080001a1   Thumb Code     0  _printf_d.o(.ARM.Collect$$_printf_percent$$00000009)
    _printf_percent                          0x080001a1   Thumb Code     0  _printf_percent.o(.ARM.Collect$$_printf_percent$$00000000)
    _printf_s                                0x080001a7   Thumb Code     0  _printf_s.o(.ARM.Collect$$_printf_percent$$00000014)
    _printf_percent_end                      0x080001ad   Thumb Code     0  _printf_percent_end.o(.ARM.Collect$$_printf_percent$$00000017)
    __rt_lib_init                            0x080001b1   Thumb Code     0  libinit.o(.ARM.Collect$$libinit$$00000000)
    __rt_lib_init_fp_1                       0x080001b3   Thumb Code     0  libinit2.o(.ARM.Collect$$libinit$$00000002)
    __rt_lib_init_heap_2                     0x080001b3   Thumb Code     0  libinit2.o(.ARM.Collect$$libinit$$00000005)
    __rt_lib_init_preinit_1                  0x080001b3   Thumb Code     0  libinit2.o(.ARM.Collect$$libinit$$00000004)
    __rt_lib_init_heap_1                     0x080001bb   Thumb Code     0  libinit2.o(.ARM.Collect$$libinit$$0000000A)
    __rt_lib_init_lc_common                  0x080001bb   Thumb Code     0  libinit2.o(.ARM.Collect$$libinit$$0000000F)
    __rt_lib_init_rand_1                     0x080001bb   Thumb Code     0  libinit2.o(.ARM.Collect$$libinit$$0000000E)
    __rt_lib_init_user_alloc_1               0x080001bb   Thumb Code     0  libinit2.o(.ARM.Collect$$libinit$$0000000C)
    __rt_lib_init_lc_collate_1               0x080001c1   Thumb Code     0  libinit2.o(.ARM.Collect$$libinit$$00000011)
    __rt_lib_init_lc_ctype_2                 0x080001c1   Thumb Code     0  libinit2.o(.ARM.Collect$$libinit$$00000012)
    __rt_lib_init_lc_ctype_1                 0x080001cd   Thumb Code     0  libinit2.o(.ARM.Collect$$libinit$$00000013)
    __rt_lib_init_lc_monetary_1              0x080001cd   Thumb Code     0  libinit2.o(.ARM.Collect$$libinit$$00000015)
    __rt_lib_init_lc_numeric_2               0x080001cd   Thumb Code     0  libinit2.o(.ARM.Collect$$libinit$$00000016)
    __rt_lib_init_alloca_1                   0x080001d7   Thumb Code     0  libinit2.o(.ARM.Collect$$libinit$$0000002E)
    __rt_lib_init_argv_1                     0x080001d7   Thumb Code     0  libinit2.o(.ARM.Collect$$libinit$$0000002C)
    __rt_lib_init_atexit_1                   0x080001d7   Thumb Code     0  libinit2.o(.ARM.Collect$$libinit$$0000001B)
    __rt_lib_init_clock_1                    0x080001d7   Thumb Code     0  libinit2.o(.ARM.Collect$$libinit$$00000021)
    __rt_lib_init_cpp_1                      0x080001d7   Thumb Code     0  libinit2.o(.ARM.Collect$$libinit$$00000032)
    __rt_lib_init_exceptions_1               0x080001d7   Thumb Code     0  libinit2.o(.ARM.Collect$$libinit$$00000030)
    __rt_lib_init_fp_trap_1                  0x080001d7   Thumb Code     0  libinit2.o(.ARM.Collect$$libinit$$0000001F)
    __rt_lib_init_getenv_1                   0x080001d7   Thumb Code     0  libinit2.o(.ARM.Collect$$libinit$$00000023)
    __rt_lib_init_lc_numeric_1               0x080001d7   Thumb Code     0  libinit2.o(.ARM.Collect$$libinit$$00000017)
    __rt_lib_init_lc_time_1                  0x080001d7   Thumb Code     0  libinit2.o(.ARM.Collect$$libinit$$00000019)
    __rt_lib_init_return                     0x080001d7   Thumb Code     0  libinit2.o(.ARM.Collect$$libinit$$00000033)
    __rt_lib_init_signal_1                   0x080001d7   Thumb Code     0  libinit2.o(.ARM.Collect$$libinit$$0000001D)
    __rt_lib_init_stdio_1                    0x080001d7   Thumb Code     0  libinit2.o(.ARM.Collect$$libinit$$00000025)
    __rt_lib_shutdown                        0x080001d9   Thumb Code     0  libshutdown.o(.ARM.Collect$$libshutdown$$00000000)
    __rt_lib_shutdown_cpp_1                  0x080001db   Thumb Code     0  libshutdown2.o(.ARM.Collect$$libshutdown$$00000002)
    __rt_lib_shutdown_fp_trap_1              0x080001db   Thumb Code     0  libshutdown2.o(.ARM.Collect$$libshutdown$$00000007)
    __rt_lib_shutdown_heap_1                 0x080001db   Thumb Code     0  libshutdown2.o(.ARM.Collect$$libshutdown$$0000000F)
    __rt_lib_shutdown_return                 0x080001db   Thumb Code     0  libshutdown2.o(.ARM.Collect$$libshutdown$$00000010)
    __rt_lib_shutdown_signal_1               0x080001db   Thumb Code     0  libshutdown2.o(.ARM.Collect$$libshutdown$$0000000A)
    __rt_lib_shutdown_stdio_1                0x080001db   Thumb Code     0  libshutdown2.o(.ARM.Collect$$libshutdown$$00000004)
    __rt_lib_shutdown_user_alloc_1           0x080001db   Thumb Code     0  libshutdown2.o(.ARM.Collect$$libshutdown$$0000000C)
    __rt_entry                               0x080001dd   Thumb Code     0  __rtentry.o(.ARM.Collect$$rtentry$$00000000)
    __rt_entry_presh_1                       0x080001dd   Thumb Code     0  __rtentry2.o(.ARM.Collect$$rtentry$$00000002)
    __rt_entry_sh                            0x080001dd   Thumb Code     0  __rtentry4.o(.ARM.Collect$$rtentry$$00000004)
    __rt_entry_li                            0x080001e3   Thumb Code     0  __rtentry2.o(.ARM.Collect$$rtentry$$0000000A)
    __rt_entry_postsh_1                      0x080001e3   Thumb Code     0  __rtentry2.o(.ARM.Collect$$rtentry$$00000009)
    __rt_entry_main                          0x080001e7   Thumb Code     0  __rtentry2.o(.ARM.Collect$$rtentry$$0000000D)
    __rt_entry_postli_1                      0x080001e7   Thumb Code     0  __rtentry2.o(.ARM.Collect$$rtentry$$0000000C)
    __rt_exit                                0x080001ef   Thumb Code     0  rtexit.o(.ARM.Collect$$rtexit$$00000000)
    __rt_exit_ls                             0x080001f1   Thumb Code     0  rtexit2.o(.ARM.Collect$$rtexit$$00000003)
    __rt_exit_prels_1                        0x080001f1   Thumb Code     0  rtexit2.o(.ARM.Collect$$rtexit$$00000002)
    __rt_exit_exit                           0x080001f5   Thumb Code     0  rtexit2.o(.ARM.Collect$$rtexit$$00000004)
    Reset_Handler                            0x080001fd   Thumb Code     8  startup_stm32f10x_md.o(.text)
    _maybe_terminate_alloc                   0x080001fd   Thumb Code     0  maybetermalloc1.o(.emb_text)
    PendSV_Handler                           0x08000213   Thumb Code     2  startup_stm32f10x_md.o(.text)
    ADC1_2_IRQHandler                        0x08000217   Thumb Code     0  startup_stm32f10x_md.o(.text)
    CAN1_RX1_IRQHandler                      0x08000217   Thumb Code     0  startup_stm32f10x_md.o(.text)
    CAN1_SCE_IRQHandler                      0x08000217   Thumb Code     0  startup_stm32f10x_md.o(.text)
    DMA1_Channel1_IRQHandler                 0x08000217   Thumb Code     0  startup_stm32f10x_md.o(.text)
    DMA1_Channel2_IRQHandler                 0x08000217   Thumb Code     0  startup_stm32f10x_md.o(.text)
    DMA1_Channel3_IRQHandler                 0x08000217   Thumb Code     0  startup_stm32f10x_md.o(.text)
    DMA1_Channel4_IRQHandler                 0x08000217   Thumb Code     0  startup_stm32f10x_md.o(.text)
    DMA1_Channel5_IRQHandler                 0x08000217   Thumb Code     0  startup_stm32f10x_md.o(.text)
    DMA1_Channel6_IRQHandler                 0x08000217   Thumb Code     0  startup_stm32f10x_md.o(.text)
    DMA1_Channel7_IRQHandler                 0x08000217   Thumb Code     0  startup_stm32f10x_md.o(.text)
    EXTI15_10_IRQHandler                     0x08000217   Thumb Code     0  startup_stm32f10x_md.o(.text)
    EXTI2_IRQHandler                         0x08000217   Thumb Code     0  startup_stm32f10x_md.o(.text)
    FLASH_IRQHandler                         0x08000217   Thumb Code     0  startup_stm32f10x_md.o(.text)
    I2C1_ER_IRQHandler                       0x08000217   Thumb Code     0  startup_stm32f10x_md.o(.text)
    I2C1_EV_IRQHandler                       0x08000217   Thumb Code     0  startup_stm32f10x_md.o(.text)
    I2C2_ER_IRQHandler                       0x08000217   Thumb Code     0  startup_stm32f10x_md.o(.text)
    I2C2_EV_IRQHandler                       0x08000217   Thumb Code     0  startup_stm32f10x_md.o(.text)
    PVD_IRQHandler                           0x08000217   Thumb Code     0  startup_stm32f10x_md.o(.text)
    RCC_IRQHandler                           0x08000217   Thumb Code     0  startup_stm32f10x_md.o(.text)
    RTCAlarm_IRQHandler                      0x08000217   Thumb Code     0  startup_stm32f10x_md.o(.text)
    RTC_IRQHandler                           0x08000217   Thumb Code     0  startup_stm32f10x_md.o(.text)
    SPI1_IRQHandler                          0x08000217   Thumb Code     0  startup_stm32f10x_md.o(.text)
    SPI2_IRQHandler                          0x08000217   Thumb Code     0  startup_stm32f10x_md.o(.text)
    TAMPER_IRQHandler                        0x08000217   Thumb Code     0  startup_stm32f10x_md.o(.text)
    TIM1_BRK_IRQHandler                      0x08000217   Thumb Code     0  startup_stm32f10x_md.o(.text)
    TIM1_CC_IRQHandler                       0x08000217   Thumb Code     0  startup_stm32f10x_md.o(.text)
    TIM1_TRG_COM_IRQHandler                  0x08000217   Thumb Code     0  startup_stm32f10x_md.o(.text)
    TIM1_UP_IRQHandler                       0x08000217   Thumb Code     0  startup_stm32f10x_md.o(.text)
    TIM2_IRQHandler                          0x08000217   Thumb Code     0  startup_stm32f10x_md.o(.text)
    TIM3_IRQHandler                          0x08000217   Thumb Code     0  startup_stm32f10x_md.o(.text)
    TIM4_IRQHandler                          0x08000217   Thumb Code     0  startup_stm32f10x_md.o(.text)
    USBWakeUp_IRQHandler                     0x08000217   Thumb Code     0  startup_stm32f10x_md.o(.text)
    USB_HP_CAN1_TX_IRQHandler                0x08000217   Thumb Code     0  startup_stm32f10x_md.o(.text)
    USB_LP_CAN1_RX0_IRQHandler               0x08000217   Thumb Code     0  startup_stm32f10x_md.o(.text)
    WWDG_IRQHandler                          0x08000217   Thumb Code     0  startup_stm32f10x_md.o(.text)
    __user_initial_stackheap                 0x08000219   Thumb Code     0  startup_stm32f10x_md.o(.text)
    malloc                                   0x0800023d   Thumb Code    94  h1_alloc.o(.text)
    free                                     0x0800029b   Thumb Code    78  h1_free.o(.text)
    realloc                                  0x080002e9   Thumb Code   184  h1_realloc.o(.text)
    tolower                                  0x080003a1   Thumb Code    26  tolower.o(.text)
    __2printf                                0x080003bd   Thumb Code    20  __2printf.o(.text)
    __2sprintf                               0x080003d5   Thumb Code    38  __2sprintf.o(.text)
    _printf_str                              0x08000401   Thumb Code    82  _printf_str.o(.text)
    _printf_int_dec                          0x08000455   Thumb Code   104  _printf_dec.o(.text)
    __printf                                 0x080004cd   Thumb Code   308  __printf_flags_wp.o(.text)
    strstr                                   0x08000605   Thumb Code    36  strstr.o(.text)
    strlen                                   0x08000629   Thumb Code    62  strlen.o(.text)
    strncmp                                  0x08000667   Thumb Code   150  strncmp.o(.text)
    strcat                                   0x080006fd   Thumb Code    24  strcat.o(.text)
    __aeabi_memcpy4                          0x08000715   Thumb Code     0  rt_memcpy_w.o(.text)
    __aeabi_memcpy8                          0x08000715   Thumb Code     0  rt_memcpy_w.o(.text)
    __rt_memcpy_w                            0x08000715   Thumb Code   100  rt_memcpy_w.o(.text)
    _memcpy_lastbytes_aligned                0x0800075d   Thumb Code     0  rt_memcpy_w.o(.text)
    __aeabi_memclr4                          0x08000779   Thumb Code     0  rt_memclr_w.o(.text)
    __aeabi_memclr8                          0x08000779   Thumb Code     0  rt_memclr_w.o(.text)
    __rt_memclr_w                            0x08000779   Thumb Code    78  rt_memclr_w.o(.text)
    _memset_w                                0x0800077d   Thumb Code     0  rt_memclr_w.o(.text)
    strcmp                                   0x080007c9   Thumb Code   128  strcmpv7m.o(.text)
    __use_two_region_memory                  0x08000849   Thumb Code     2  heapauxi.o(.text)
    __rt_heap_escrow                         0x0800084b   Thumb Code     2  heapauxi.o(.text)
    __rt_heap_expand                         0x0800084d   Thumb Code     2  heapauxi.o(.text)
    __rt_ctype_table                         0x08000851   Thumb Code    16  rt_ctype_table.o(.text)
    __rt_heap_descriptor                     0x08000861   Thumb Code     8  rt_heap_descriptor_intlibspace.o(.text)
    __use_no_heap                            0x08000869   Thumb Code     2  hguard.o(.text)
    __heap$guard                             0x0800086b   Thumb Code     2  hguard.o(.text)
    _terminate_user_alloc                    0x0800086d   Thumb Code     2  init_alloc.o(.text)
    _init_user_alloc                         0x0800086f   Thumb Code     2  init_alloc.o(.text)
    __Heap_Full                              0x08000871   Thumb Code    34  init_alloc.o(.text)
    __Heap_Broken                            0x08000893   Thumb Code     6  init_alloc.o(.text)
    _init_alloc                              0x08000899   Thumb Code    94  init_alloc.o(.text)
    __Heap_Initialize                        0x080008f7   Thumb Code    10  h1_init.o(.text)
    __Heap_DescSize                          0x08000901   Thumb Code     4  h1_init.o(.text)
    _printf_int_common                       0x08000905   Thumb Code   178  _printf_intcommon.o(.text)
    _printf_char_common                      0x080009c3   Thumb Code    32  _printf_char_common.o(.text)
    _sputc                                   0x080009e9   Thumb Code    10  _sputc.o(.text)
    _printf_cs_common                        0x080009f3   Thumb Code    20  _printf_char.o(.text)
    _printf_char                             0x08000a07   Thumb Code    16  _printf_char.o(.text)
    _printf_string                           0x08000a17   Thumb Code     8  _printf_char.o(.text)
    _printf_char_file                        0x08000a21   Thumb Code    32  _printf_char_file.o(.text)
    _scanf_really_real                       0x08000c41   Thumb Code   668  scanf_fp.o(.text)
    _sgetc                                   0x08000ee9   Thumb Code    30  _sgetc.o(.text)
    _sbackspace                              0x08000f07   Thumb Code    34  _sgetc.o(.text)
    __strtod_int                             0x08000f65   Thumb Code    88  strtod.o(.text)
    __user_libspace                          0x08000fc9   Thumb Code     8  libspace.o(.text)
    __user_perproc_libspace                  0x08000fc9   Thumb Code     0  libspace.o(.text)
    __user_perthread_libspace                0x08000fc9   Thumb Code     0  libspace.o(.text)
    __rt_locale                              0x08000fd1   Thumb Code     8  rt_locale_intlibspace.o(.text)
    __aeabi_errno_addr                       0x08000fd9   Thumb Code     8  rt_errno_addr_intlibspace.o(.text)
    __errno$intlibspace                      0x08000fd9   Thumb Code     0  rt_errno_addr_intlibspace.o(.text)
    __rt_errno_addr$intlibspace              0x08000fd9   Thumb Code     0  rt_errno_addr_intlibspace.o(.text)
    __Heap_ProvideMemory                     0x08000fe1   Thumb Code    52  h1_extend.o(.text)
    isspace                                  0x08001015   Thumb Code    18  isspace.o(.text)
    _btod_etento                             0x08001029   Thumb Code   216  bigflt0.o(.text)
    ferror                                   0x08001105   Thumb Code     8  ferror.o(.text)
    __rt_SIGRTMEM                            0x0800110d   Thumb Code    14  defsig_rtmem_outer.o(.text)
    __I$use$semihosting                      0x0800111b   Thumb Code     0  use_no_semi.o(.text)
    __use_no_semihosting_swi                 0x0800111b   Thumb Code     2  use_no_semi.o(.text)
    __semihosting_library_function           0x0800111d   Thumb Code     0  indicate_semi.o(.text)
    __user_setup_stackheap                   0x0800111d   Thumb Code    74  sys_stackheap_outer.o(.text)
    __read_errno                             0x08001167   Thumb Code    10  _rserrno.o(.text)
    __set_errno                              0x08001171   Thumb Code    12  _rserrno.o(.text)
    _scanf_really_hex_real                   0x0800117d   Thumb Code   778  scanf_hexfp.o(.text)
    _scanf_really_infnan                     0x08001495   Thumb Code   292  scanf_infnan.o(.text)
    exit                                     0x080015c9   Thumb Code    18  exit.o(.text)
    __sig_exit                               0x080015db   Thumb Code    10  defsig_exit.o(.text)
    __rt_SIGRTMEM_inner                      0x080015e5   Thumb Code    22  defsig_rtmem_inner.o(.text)
    _sys_exit                                0x08001635   Thumb Code     8  sys_exit.o(.text)
    __aeabi_llsl                             0x08001641   Thumb Code     0  llshl.o(.text)
    _ll_shift_l                              0x08001641   Thumb Code    38  llshl.o(.text)
    _chval                                   0x08001667   Thumb Code    28  _chval.o(.text)
    __default_signal_display                 0x08001683   Thumb Code    50  defsig_general.o(.text)
    _ttywrch                                 0x080016b5   Thumb Code    14  sys_wrch.o(.text)
    __btod_div_common                        0x080016c3   Thumb Code   696  btod.o(CL$$btod_div_common)
    _e2d                                     0x080019fd   Thumb Code    80  btod.o(CL$$btod_e2d)
    _e2e                                     0x08001a51   Thumb Code   198  btod.o(CL$$btod_e2e)
    _btod_ediv                               0x08001b17   Thumb Code    40  btod.o(CL$$btod_ediv)
    _btod_edivd                              0x08001b3f   Thumb Code    40  btod.o(CL$$btod_edivd)
    _btod_emul                               0x08001b67   Thumb Code    40  btod.o(CL$$btod_emul)
    _btod_emuld                              0x08001b8f   Thumb Code    40  btod.o(CL$$btod_emuld)
    __btod_mult_common                       0x08001bb7   Thumb Code   580  btod.o(CL$$btod_mult_common)
    BusFault_Handler                         0x08001dfb   Thumb Code     4  stm32f10x_it.o(i.BusFault_Handler)
    Clear_Data_RX                            0x08001e01   Thumb Code    28  main.o(i.Clear_Data_RX)
    DebugMon_Handler                         0x08001e25   Thumb Code     2  stm32f10x_it.o(i.DebugMon_Handler)
    EXTI0_IRQHandler                         0x08001e29   Thumb Code    14  main.o(i.EXTI0_IRQHandler)
    EXTI1_IRQHandler                         0x08001e3d   Thumb Code    16  main.o(i.EXTI1_IRQHandler)
    EXTI3_IRQHandler                         0x08001e51   Thumb Code    16  main.o(i.EXTI3_IRQHandler)
    EXTI4_IRQHandler                         0x08001e65   Thumb Code    16  main.o(i.EXTI4_IRQHandler)
    EXTI9_5_IRQHandler                       0x08001e79   Thumb Code    32  main.o(i.EXTI9_5_IRQHandler)
    EXTI_ClearFlag                           0x08001e99   Thumb Code     6  stm32f10x_exti.o(i.EXTI_ClearFlag)
    EXTI_GetITStatus                         0x08001ea5   Thumb Code    34  stm32f10x_exti.o(i.EXTI_GetITStatus)
    EXTI_Init                                0x08001ecd   Thumb Code   142  stm32f10x_exti.o(i.EXTI_Init)
    GPIO_EXTILineConfig                      0x08001f61   Thumb Code    60  stm32f10x_gpio.o(i.GPIO_EXTILineConfig)
    GPIO_Init                                0x08001fa1   Thumb Code   278  stm32f10x_gpio.o(i.GPIO_Init)
    GPIO_PinRemapConfig                      0x080020b9   Thumb Code   138  stm32f10x_gpio.o(i.GPIO_PinRemapConfig)
    GPIO_ResetBits                           0x08002149   Thumb Code     4  stm32f10x_gpio.o(i.GPIO_ResetBits)
    HardFault_Handler                        0x0800214d   Thumb Code     4  stm32f10x_it.o(i.HardFault_Handler)
    MemManage_Handler                        0x08002151   Thumb Code     4  stm32f10x_it.o(i.MemManage_Handler)
    NMI_Handler                              0x08002155   Thumb Code     2  stm32f10x_it.o(i.NMI_Handler)
    NVIC_Init                                0x08002159   Thumb Code   100  misc.o(i.NVIC_Init)
    NVIC_PriorityGroupConfig                 0x080021c9   Thumb Code    10  misc.o(i.NVIC_PriorityGroupConfig)
    RCC_APB1PeriphClockCmd                   0x080021dd   Thumb Code    26  stm32f10x_rcc.o(i.RCC_APB1PeriphClockCmd)
    RCC_APB1PeriphResetCmd                   0x080021fd   Thumb Code    26  stm32f10x_rcc.o(i.RCC_APB1PeriphResetCmd)
    RCC_APB2PeriphClockCmd                   0x0800221d   Thumb Code    26  stm32f10x_rcc.o(i.RCC_APB2PeriphClockCmd)
    RCC_APB2PeriphResetCmd                   0x0800223d   Thumb Code    26  stm32f10x_rcc.o(i.RCC_APB2PeriphResetCmd)
    RCC_GetClocksFreq                        0x0800225d   Thumb Code   192  stm32f10x_rcc.o(i.RCC_GetClocksFreq)
    SVC_Handler                              0x08002331   Thumb Code     2  stm32f10x_it.o(i.SVC_Handler)
    SysTick_Handler                          0x0800241d   Thumb Code    22  delay.o(i.SysTick_Handler)
    SystemInit                               0x0800243d   Thumb Code    78  system_stm32f10x.o(i.SystemInit)
    USART1_IRQHandler                        0x0800249d   Thumb Code    58  main.o(i.USART1_IRQHandler)
    USART1_InitPins                          0x080024ed   Thumb Code   122  usart.o(i.USART1_InitPins)
    USART2_IRQHandler                        0x08002575   Thumb Code    30  usart.o(i.USART2_IRQHandler)
    USART2_InitPins                          0x0800259d   Thumb Code   128  usart.o(i.USART2_InitPins)
    USART3_IRQHandler                        0x08002629   Thumb Code    30  usart.o(i.USART3_IRQHandler)
    USART3_InitPins                          0x08002651   Thumb Code   194  usart.o(i.USART3_InitPins)
    USART_Cmd                                0x08002725   Thumb Code    24  stm32f10x_usart.o(i.USART_Cmd)
    USART_DeInit                             0x0800273d   Thumb Code   134  stm32f10x_usart.o(i.USART_DeInit)
    USART_GetFlagStatus                      0x080027d9   Thumb Code    26  stm32f10x_usart.o(i.USART_GetFlagStatus)
    USART_GetITStatus                        0x080027f3   Thumb Code    84  stm32f10x_usart.o(i.USART_GetITStatus)
    USART_INT_GetSubPriority                 0x08002849   Thumb Code    28  usart.o(i.USART_INT_GetSubPriority)
    USART_INT_InsertToBuffer                 0x08002871   Thumb Code    44  usart.o(i.USART_INT_InsertToBuffer)
    USART_ITConfig                           0x0800289d   Thumb Code    74  stm32f10x_usart.o(i.USART_ITConfig)
    USART_Init                               0x080028e9   Thumb Code   210  stm32f10x_usart.o(i.USART_Init)
    USART_Putc                               0x080029c1   Thumb Code    26  usart.o(i.USART_Putc)
    USART_Puts                               0x080029db   Thumb Code    26  usart.o(i.USART_Puts)
    USART_ReceiveData                        0x080029f5   Thumb Code    10  stm32f10x_usart.o(i.USART_ReceiveData)
    USARTx_Init                              0x08002a01   Thumb Code   218  usart.o(i.USARTx_Init)
    UsageFault_Handler                       0x08002ae9   Thumb Code     4  stm32f10x_it.o(i.UsageFault_Handler)
    __mathlib_dbl_overflow                   0x08002aed   Thumb Code    14  dunder.o(i.__mathlib_dbl_overflow)
    __mathlib_dbl_underflow                  0x08002afd   Thumb Code    10  dunder.o(i.__mathlib_dbl_underflow)
    __mathlib_narrow                         0x08002b0d   Thumb Code    16  narrow.o(i.__mathlib_narrow)
    __mathlib_tofloat                        0x08002b1d   Thumb Code   132  narrow.o(i.__mathlib_tofloat)
    __support_ldexp                          0x08002ba5   Thumb Code    22  ldexp.o(i.__support_ldexp)
    _is_digit                                0x08002bbb   Thumb Code    14  __printf_wp.o(i._is_digit)
    cJSON_Delete                             0x08002c11   Thumb Code    84  cjson.o(i.cJSON_Delete)
    cJSON_GetObjectItem                      0x08002c69   Thumb Code    18  cjson.o(i.cJSON_GetObjectItem)
    cJSON_Parse                              0x08002c95   Thumb Code    16  cjson.o(i.cJSON_Parse)
    cJSON_ParseWithLengthOpts                0x08002ca5   Thumb Code   204  cjson.o(i.cJSON_ParseWithLengthOpts)
    cJSON_ParseWithOpts                      0x08002d79   Thumb Code    40  cjson.o(i.cJSON_ParseWithOpts)
    cJSON_handler                            0x08002da1   Thumb Code   272  main.o(i.cJSON_handler)
    delay_init                               0x08002f6d   Thumb Code    92  delay.o(i.delay_init)
    exit_Init                                0x08002fd5   Thumb Code   448  exit.o(i.exit_Init)
    fputc                                    0x080031b1   Thumb Code    18  usart.o(i.fputc)
    frexp                                    0x080031c9   Thumb Code    80  frexp.o(i.frexp)
    io_Set                                   0x08003279   Thumb Code   142  io.o(i.io_Set)
    ldexp                                    0x08003325   Thumb Code   116  ldexp.o(i.ldexp)
    main                                     0x08003399   Thumb Code   194  main.o(i.main)
    select_pin_special_PB3                   0x08003b25   Thumb Code    54  main.o(i.select_pin_special_PB3)
    sendData                                 0x08003b65   Thumb Code   232  main.o(i.sendData)
    strtod                                   0x08003d0d   Thumb Code    28  strtod.o(i.strtod)
    _get_lc_ctype                            0x08003e55   Thumb Code    44  lc_ctype_c.o(locale$$code)
    _get_lc_numeric                          0x08003e81   Thumb Code    44  lc_numeric_c.o(locale$$code)
    __aeabi_d2f                              0x08003ead   Thumb Code     0  d2f.o(x$fpl$d2f)
    _d2f                                     0x08003ead   Thumb Code    98  d2f.o(x$fpl$d2f)
    __fpl_dcheck_NaN1                        0x08003f11   Thumb Code    10  dcheck1.o(x$fpl$dcheck1)
    __fpl_dcmp_Inf                           0x08003f21   Thumb Code    24  dcmpi.o(x$fpl$dcmpinf)
    __aeabi_cdcmpeq                          0x08003f39   Thumb Code     0  deqf.o(x$fpl$deqf)
    _dcmpeq                                  0x08003f39   Thumb Code   120  deqf.o(x$fpl$deqf)
    __aeabi_d2iz                             0x08003fb1   Thumb Code     0  dfix.o(x$fpl$dfix)
    _dfix                                    0x08003fb1   Thumb Code    94  dfix.o(x$fpl$dfix)
    __aeabi_d2uiz                            0x08004011   Thumb Code     0  dfixu.o(x$fpl$dfixu)
    _dfixu                                   0x08004011   Thumb Code    90  dfixu.o(x$fpl$dfixu)
    __aeabi_cdcmple                          0x0800406d   Thumb Code     0  dleqf.o(x$fpl$dleqf)
    _dcmple                                  0x0800406d   Thumb Code   120  dleqf.o(x$fpl$dleqf)
    __fpl_dcmple_InfNaN                      0x080040cf   Thumb Code     0  dleqf.o(x$fpl$dleqf)
    __fpl_dnaninf                            0x080040e5   Thumb Code   156  dnaninf.o(x$fpl$dnaninf)
    __aeabi_cdrcmple                         0x08004181   Thumb Code     0  drleqf.o(x$fpl$drleqf)
    _drcmple                                 0x08004181   Thumb Code   108  drleqf.o(x$fpl$drleqf)
    __fpl_fretinf                            0x080041ed   Thumb Code    10  fretinf.o(x$fpl$fretinf)
    __fpl_return_NaN                         0x080041f7   Thumb Code   100  retnan.o(x$fpl$retnan)
    __ARM_scalbn                             0x0800425b   Thumb Code    92  scalbn.o(x$fpl$scalbn)
    _scanf_real                              0x080042b7   Thumb Code     4  scanf1.o(x$fpl$scanf1)
    _scanf_hex_real                          0x080042bb   Thumb Code     4  scanf2.o(x$fpl$scanf2)
    _scanf_infnan                            0x080042bf   Thumb Code     4  scanf2.o(x$fpl$scanf2)
    __fpl_cmpreturn                          0x080042c3   Thumb Code    48  trapv.o(x$fpl$trapveneer)
    __I$use$fp                               0x080042f2   Number         0  usenofp.o(x$fpl$usenofp)
    Region$$Table$$Base                      0x08004398   Number         0  anon$$obj.o(Region$$Table)
    Region$$Table$$Limit                     0x080043b8   Number         0  anon$$obj.o(Region$$Table)
    __aeabi_HUGE_VAL                         0x080043b8   Data           0  fpconst.o(c$$dinf)
    __aeabi_HUGE_VALL                        0x080043b8   Data           0  fpconst.o(c$$dinf)
    __aeabi_INFINITY                         0x080043b8   Data           0  fpconst.o(c$$dinf)
    __dInf                                   0x080043b8   Data           0  fpconst.o(c$$dinf)
    __huge_val                               0x080043b8   Data           0  fpconst.o(c$$dinf)
    __ctype                                  0x080043cd   Data           0  lc_ctype_c.o(locale$$data)
    SystemCoreClock                          0x20000000   Data           4  system_stm32f10x.o(.data)
    AHBPrescTable                            0x20000004   Data          16  system_stm32f10x.o(.data)
    stepX_number                             0x20000014   Data           4  main.o(.data)
    stepY_number                             0x20000018   Data           4  main.o(.data)
    stepZ_number                             0x2000001c   Data           4  main.o(.data)
    stepB_number                             0x20000020   Data           4  main.o(.data)
    interrupt_X                              0x20000024   Data           1  main.o(.data)
    interrupt_Y                              0x20000025   Data           1  main.o(.data)
    interrupt_Z                              0x20000026   Data           1  main.o(.data)
    interrupt_B                              0x20000027   Data           1  main.o(.data)
    interrupt_home                           0x20000028   Data           1  main.o(.data)
    stop_Z_pipet                             0x20000029   Data           1  main.o(.data)
    water_drop_number                        0x2000002a   Data           2  main.o(.data)
    TxBuffer                                 0x2000002c   Data         200  main.o(.data)
    data_RX                                  0x200000f4   Data           1  main.o(.data)
    RxCounter                                0x200000f5   Data           1  main.o(.data)
    flat_excute_json                         0x200000f6   Data           1  main.o(.data)
    DataJson                                 0x200000f8   Data           4  main.o(.data)
    HomeJson                                 0x200000fc   Data           4  main.o(.data)
    ImgJson                                  0x20000100   Data           4  main.o(.data)
    NumberDropJson                           0x20000104   Data           4  main.o(.data)
    CheckErrorJson                           0x20000108   Data           4  main.o(.data)
    DistanceJson                             0x2000010c   Data           4  main.o(.data)
    numberDropJson                           0x20000110   Data           1  main.o(.data)
    distanceJson                             0x20000112   Data           2  main.o(.data)
    counter_ms                               0x20000128   Data           4  delay.o(.data)
    counter_us                               0x2000012c   Data           4  delay.o(.data)
    TimingMillis                             0x20000130   Data           4  delay.o(.data)
    __stdout                                 0x20000134   Data           4  usart.o(.data)
    F4_USART1                                0x20000138   Data          12  usart.o(.data)
    F4_USART2                                0x20000144   Data          12  usart.o(.data)
    F4_USART3                                0x20000150   Data          12  usart.o(.data)
    GPIO_InitStruct                          0x2000015c   Data           4  usart.o(.data)
    RxBuffer                                 0x20000174   Data         200  main.o(.bss)
    JSON                                     0x2000023c   Data         100  main.o(.bss)
    str_homeJson                             0x200002a0   Data          10  main.o(.bss)
    str_imgJson                              0x200002aa   Data          10  main.o(.bss)
    str_numberDropJson                       0x200002b4   Data          10  main.o(.bss)
    str_checkErrorJson                       0x200002be   Data          50  main.o(.bss)
    str_distanceJson                         0x200002f0   Data          10  main.o(.bss)
    homeJson                                 0x200002fa   Data          10  main.o(.bss)
    imgJson                                  0x20000304   Data          10  main.o(.bss)
    checkErrorJson                           0x2000030e   Data          50  main.o(.bss)
    USART1_Buffer                            0x20000340   Data          32  usart.o(.bss)
    USART2_Buffer                            0x20000360   Data          32  usart.o(.bss)
    USART3_Buffer                            0x20000380   Data          32  usart.o(.bss)
    __libspace_start                         0x200003a0   Data          96  libspace.o(.bss)
    __temporary_stack_top$libspace           0x20000400   Data           0  libspace.o(.bss)



==============================================================================

Memory Map of the image

  Image Entry point : 0x080000ed

  Load Region LR_IROM1 (Base: 0x08000000, Size: 0x00004660, Max: 0x00010000, ABSOLUTE, COMPRESSED[0x00004538])

    Execution Region ER_IROM1 (Base: 0x08000000, Size: 0x000044ec, Max: 0x00010000, ABSOLUTE)

    Base Addr    Size         Type   Attr      Idx    E Section Name        Object

    0x08000000   0x000000ec   Data   RO          318    RESET               startup_stm32f10x_md.o
    0x080000ec   0x00000008   Code   RO         2751  * !!!main             c_w.l(__main.o)
    0x080000f4   0x00000034   Code   RO         3155    !!!scatter          c_w.l(__scatter.o)
    0x08000128   0x0000005a   Code   RO         3153    !!dczerorl2         c_w.l(__dczerorl2.o)
    0x08000182   0x00000002   PAD
    0x08000184   0x0000001c   Code   RO         3157    !!handler_zi        c_w.l(__scatter_zi.o)
    0x080001a0   0x00000000   Code   RO         2728    .ARM.Collect$$_printf_percent$$00000000  c_w.l(_printf_percent.o)
    0x080001a0   0x00000006   Code   RO         2726    .ARM.Collect$$_printf_percent$$00000009  c_w.l(_printf_d.o)
    0x080001a6   0x00000006   Code   RO         2723    .ARM.Collect$$_printf_percent$$00000014  c_w.l(_printf_s.o)
    0x080001ac   0x00000004   Code   RO         2831    .ARM.Collect$$_printf_percent$$00000017  c_w.l(_printf_percent_end.o)
    0x080001b0   0x00000002   Code   RO         3039    .ARM.Collect$$libinit$$00000000  c_w.l(libinit.o)
    0x080001b2   0x00000000   Code   RO         2843    .ARM.Collect$$libinit$$00000002  c_w.l(libinit2.o)
    0x080001b2   0x00000000   Code   RO         2845    .ARM.Collect$$libinit$$00000004  c_w.l(libinit2.o)
    0x080001b2   0x00000008   Code   RO         2846    .ARM.Collect$$libinit$$00000005  c_w.l(libinit2.o)
    0x080001ba   0x00000000   Code   RO         2848    .ARM.Collect$$libinit$$0000000A  c_w.l(libinit2.o)
    0x080001ba   0x00000000   Code   RO         2850    .ARM.Collect$$libinit$$0000000C  c_w.l(libinit2.o)
    0x080001ba   0x00000000   Code   RO         2852    .ARM.Collect$$libinit$$0000000E  c_w.l(libinit2.o)
    0x080001ba   0x00000006   Code   RO         2853    .ARM.Collect$$libinit$$0000000F  c_w.l(libinit2.o)
    0x080001c0   0x00000000   Code   RO         2855    .ARM.Collect$$libinit$$00000011  c_w.l(libinit2.o)
    0x080001c0   0x0000000c   Code   RO         2856    .ARM.Collect$$libinit$$00000012  c_w.l(libinit2.o)
    0x080001cc   0x00000000   Code   RO         2857    .ARM.Collect$$libinit$$00000013  c_w.l(libinit2.o)
    0x080001cc   0x00000000   Code   RO         2859    .ARM.Collect$$libinit$$00000015  c_w.l(libinit2.o)
    0x080001cc   0x0000000a   Code   RO         2860    .ARM.Collect$$libinit$$00000016  c_w.l(libinit2.o)
    0x080001d6   0x00000000   Code   RO         2861    .ARM.Collect$$libinit$$00000017  c_w.l(libinit2.o)
    0x080001d6   0x00000000   Code   RO         2863    .ARM.Collect$$libinit$$00000019  c_w.l(libinit2.o)
    0x080001d6   0x00000000   Code   RO         2865    .ARM.Collect$$libinit$$0000001B  c_w.l(libinit2.o)
    0x080001d6   0x00000000   Code   RO         2867    .ARM.Collect$$libinit$$0000001D  c_w.l(libinit2.o)
    0x080001d6   0x00000000   Code   RO         2869    .ARM.Collect$$libinit$$0000001F  c_w.l(libinit2.o)
    0x080001d6   0x00000000   Code   RO         2871    .ARM.Collect$$libinit$$00000021  c_w.l(libinit2.o)
    0x080001d6   0x00000000   Code   RO         2873    .ARM.Collect$$libinit$$00000023  c_w.l(libinit2.o)
    0x080001d6   0x00000000   Code   RO         2875    .ARM.Collect$$libinit$$00000025  c_w.l(libinit2.o)
    0x080001d6   0x00000000   Code   RO         2879    .ARM.Collect$$libinit$$0000002C  c_w.l(libinit2.o)
    0x080001d6   0x00000000   Code   RO         2881    .ARM.Collect$$libinit$$0000002E  c_w.l(libinit2.o)
    0x080001d6   0x00000000   Code   RO         2883    .ARM.Collect$$libinit$$00000030  c_w.l(libinit2.o)
    0x080001d6   0x00000000   Code   RO         2885    .ARM.Collect$$libinit$$00000032  c_w.l(libinit2.o)
    0x080001d6   0x00000002   Code   RO         2886    .ARM.Collect$$libinit$$00000033  c_w.l(libinit2.o)
    0x080001d8   0x00000002   Code   RO         3142    .ARM.Collect$$libshutdown$$00000000  c_w.l(libshutdown.o)
    0x080001da   0x00000000   Code   RO         3065    .ARM.Collect$$libshutdown$$00000002  c_w.l(libshutdown2.o)
    0x080001da   0x00000000   Code   RO         3067    .ARM.Collect$$libshutdown$$00000004  c_w.l(libshutdown2.o)
    0x080001da   0x00000000   Code   RO         3070    .ARM.Collect$$libshutdown$$00000007  c_w.l(libshutdown2.o)
    0x080001da   0x00000000   Code   RO         3073    .ARM.Collect$$libshutdown$$0000000A  c_w.l(libshutdown2.o)
    0x080001da   0x00000000   Code   RO         3075    .ARM.Collect$$libshutdown$$0000000C  c_w.l(libshutdown2.o)
    0x080001da   0x00000000   Code   RO         3078    .ARM.Collect$$libshutdown$$0000000F  c_w.l(libshutdown2.o)
    0x080001da   0x00000002   Code   RO         3079    .ARM.Collect$$libshutdown$$00000010  c_w.l(libshutdown2.o)
    0x080001dc   0x00000000   Code   RO         2791    .ARM.Collect$$rtentry$$00000000  c_w.l(__rtentry.o)
    0x080001dc   0x00000000   Code   RO         2902    .ARM.Collect$$rtentry$$00000002  c_w.l(__rtentry2.o)
    0x080001dc   0x00000006   Code   RO         2914    .ARM.Collect$$rtentry$$00000004  c_w.l(__rtentry4.o)
    0x080001e2   0x00000000   Code   RO         2904    .ARM.Collect$$rtentry$$00000009  c_w.l(__rtentry2.o)
    0x080001e2   0x00000004   Code   RO         2905    .ARM.Collect$$rtentry$$0000000A  c_w.l(__rtentry2.o)
    0x080001e6   0x00000000   Code   RO         2907    .ARM.Collect$$rtentry$$0000000C  c_w.l(__rtentry2.o)
    0x080001e6   0x00000008   Code   RO         2908    .ARM.Collect$$rtentry$$0000000D  c_w.l(__rtentry2.o)
    0x080001ee   0x00000002   Code   RO         3050    .ARM.Collect$$rtexit$$00000000  c_w.l(rtexit.o)
    0x080001f0   0x00000000   Code   RO         3099    .ARM.Collect$$rtexit$$00000002  c_w.l(rtexit2.o)
    0x080001f0   0x00000004   Code   RO         3100    .ARM.Collect$$rtexit$$00000003  c_w.l(rtexit2.o)
    0x080001f4   0x00000006   Code   RO         3101    .ARM.Collect$$rtexit$$00000004  c_w.l(rtexit2.o)
    0x080001fa   0x00000002   PAD
    0x080001fc   0x00000000   Code   RO         2928    .emb_text           c_w.l(maybetermalloc1.o)
    0x080001fc   0x00000040   Code   RO          319    .text               startup_stm32f10x_md.o
    0x0800023c   0x0000005e   Code   RO         2602    .text               c_w.l(h1_alloc.o)
    0x0800029a   0x0000004e   Code   RO         2604    .text               c_w.l(h1_free.o)
    0x080002e8   0x000000b8   Code   RO         2606    .text               c_w.l(h1_realloc.o)
    0x080003a0   0x0000001a   Code   RO         2664    .text               c_w.l(tolower.o)
    0x080003ba   0x00000002   PAD
    0x080003bc   0x00000018   Code   RO         2666    .text               c_w.l(__2printf.o)
    0x080003d4   0x0000002c   Code   RO         2668    .text               c_w.l(__2sprintf.o)
    0x08000400   0x00000052   Code   RO         2678    .text               c_w.l(_printf_str.o)
    0x08000452   0x00000002   PAD
    0x08000454   0x00000078   Code   RO         2680    .text               c_w.l(_printf_dec.o)
    0x080004cc   0x00000138   Code   RO         2715    .text               c_w.l(__printf_flags_wp.o)
    0x08000604   0x00000024   Code   RO         2731    .text               c_w.l(strstr.o)
    0x08000628   0x0000003e   Code   RO         2735    .text               c_w.l(strlen.o)
    0x08000666   0x00000096   Code   RO         2737    .text               c_w.l(strncmp.o)
    0x080006fc   0x00000018   Code   RO         2739    .text               c_w.l(strcat.o)
    0x08000714   0x00000064   Code   RO         2743    .text               c_w.l(rt_memcpy_w.o)
    0x08000778   0x0000004e   Code   RO         2745    .text               c_w.l(rt_memclr_w.o)
    0x080007c6   0x00000002   PAD
    0x080007c8   0x00000080   Code   RO         2747    .text               c_w.l(strcmpv7m.o)
    0x08000848   0x00000006   Code   RO         2749    .text               c_w.l(heapauxi.o)
    0x0800084e   0x00000002   PAD
    0x08000850   0x00000010   Code   RO         2792    .text               c_w.l(rt_ctype_table.o)
    0x08000860   0x00000008   Code   RO         2797    .text               c_w.l(rt_heap_descriptor_intlibspace.o)
    0x08000868   0x00000004   Code   RO         2799    .text               c_w.l(hguard.o)
    0x0800086c   0x0000008a   Code   RO         2801    .text               c_w.l(init_alloc.o)
    0x080008f6   0x0000000e   Code   RO         2805    .text               c_w.l(h1_init.o)
    0x08000904   0x000000b2   Code   RO         2819    .text               c_w.l(_printf_intcommon.o)
    0x080009b6   0x00000002   PAD
    0x080009b8   0x00000030   Code   RO         2823    .text               c_w.l(_printf_char_common.o)
    0x080009e8   0x0000000a   Code   RO         2825    .text               c_w.l(_sputc.o)
    0x080009f2   0x0000002c   Code   RO         2827    .text               c_w.l(_printf_char.o)
    0x08000a1e   0x00000002   PAD
    0x08000a20   0x00000024   Code   RO         2829    .text               c_w.l(_printf_char_file.o)
    0x08000a44   0x000004a4   Code   RO         2832    .text               c_w.l(scanf_fp.o)
    0x08000ee8   0x00000040   Code   RO         2836    .text               c_w.l(_sgetc.o)
    0x08000f28   0x000000a0   Code   RO         2838    .text               c_w.l(strtod.o)
    0x08000fc8   0x00000008   Code   RO         2898    .text               c_w.l(libspace.o)
    0x08000fd0   0x00000008   Code   RO         2919    .text               c_w.l(rt_locale_intlibspace.o)
    0x08000fd8   0x00000008   Code   RO         2924    .text               c_w.l(rt_errno_addr_intlibspace.o)
    0x08000fe0   0x00000034   Code   RO         2930    .text               c_w.l(h1_extend.o)
    0x08001014   0x00000012   Code   RO         2936    .text               c_w.l(isspace.o)
    0x08001026   0x00000002   PAD
    0x08001028   0x000000dc   Code   RO         2944    .text               c_w.l(bigflt0.o)
    0x08001104   0x00000008   Code   RO         2969    .text               c_w.l(ferror.o)
    0x0800110c   0x0000000e   Code   RO         2979    .text               c_w.l(defsig_rtmem_outer.o)
    0x0800111a   0x00000002   Code   RO         3009    .text               c_w.l(use_no_semi.o)
    0x0800111c   0x00000000   Code   RO         3011    .text               c_w.l(indicate_semi.o)
    0x0800111c   0x0000004a   Code   RO         3012    .text               c_w.l(sys_stackheap_outer.o)
    0x08001166   0x00000016   Code   RO         3018    .text               c_w.l(_rserrno.o)
    0x0800117c   0x00000318   Code   RO         3020    .text               c_w.l(scanf_hexfp.o)
    0x08001494   0x00000134   Code   RO         3022    .text               c_w.l(scanf_infnan.o)
    0x080015c8   0x00000012   Code   RO         3024    .text               c_w.l(exit.o)
    0x080015da   0x0000000a   Code   RO         3026    .text               c_w.l(defsig_exit.o)
    0x080015e4   0x00000050   Code   RO         3028    .text               c_w.l(defsig_rtmem_inner.o)
    0x08001634   0x0000000c   Code   RO         3048    .text               c_w.l(sys_exit.o)
    0x08001640   0x00000026   Code   RO         3056    .text               c_w.l(llshl.o)
    0x08001666   0x0000001c   Code   RO         3058    .text               c_w.l(_chval.o)
    0x08001682   0x00000032   Code   RO         3062    .text               c_w.l(defsig_general.o)
    0x080016b4   0x0000000e   Code   RO         3096    .text               c_w.l(sys_wrch.o)
    0x080016c2   0x00000338   Code   RO         2957    CL$$btod_div_common  c_w.l(btod.o)
    0x080019fa   0x00000002   PAD
    0x080019fc   0x00000054   Code   RO         2955    CL$$btod_e2d        c_w.l(btod.o)
    0x08001a50   0x000000c6   Code   RO         2954    CL$$btod_e2e        c_w.l(btod.o)
    0x08001b16   0x00000028   Code   RO         2951    CL$$btod_ediv       c_w.l(btod.o)
    0x08001b3e   0x00000028   Code   RO         2953    CL$$btod_edivd      c_w.l(btod.o)
    0x08001b66   0x00000028   Code   RO         2950    CL$$btod_emul       c_w.l(btod.o)
    0x08001b8e   0x00000028   Code   RO         2952    CL$$btod_emuld      c_w.l(btod.o)
    0x08001bb6   0x00000244   Code   RO         2956    CL$$btod_mult_common  c_w.l(btod.o)
    0x08001dfa   0x00000004   Code   RO            1    i.BusFault_Handler  stm32f10x_it.o
    0x08001dfe   0x00000002   PAD
    0x08001e00   0x00000024   Code   RO          174    i.Clear_Data_RX     main.o
    0x08001e24   0x00000002   Code   RO            2    i.DebugMon_Handler  stm32f10x_it.o
    0x08001e26   0x00000002   PAD
    0x08001e28   0x00000014   Code   RO          175    i.EXTI0_IRQHandler  main.o
    0x08001e3c   0x00000014   Code   RO          176    i.EXTI1_IRQHandler  main.o
    0x08001e50   0x00000014   Code   RO          177    i.EXTI3_IRQHandler  main.o
    0x08001e64   0x00000014   Code   RO          178    i.EXTI4_IRQHandler  main.o
    0x08001e78   0x00000020   Code   RO          179    i.EXTI9_5_IRQHandler  main.o
    0x08001e98   0x0000000c   Code   RO          360    i.EXTI_ClearFlag    stm32f10x_exti.o
    0x08001ea4   0x00000028   Code   RO          365    i.EXTI_GetITStatus  stm32f10x_exti.o
    0x08001ecc   0x00000094   Code   RO          366    i.EXTI_Init         stm32f10x_exti.o
    0x08001f60   0x00000040   Code   RO          417    i.GPIO_EXTILineConfig  stm32f10x_gpio.o
    0x08001fa0   0x00000116   Code   RO          420    i.GPIO_Init         stm32f10x_gpio.o
    0x080020b6   0x00000002   PAD
    0x080020b8   0x00000090   Code   RO          422    i.GPIO_PinRemapConfig  stm32f10x_gpio.o
    0x08002148   0x00000004   Code   RO          427    i.GPIO_ResetBits    stm32f10x_gpio.o
    0x0800214c   0x00000004   Code   RO            3    i.HardFault_Handler  stm32f10x_it.o
    0x08002150   0x00000004   Code   RO            4    i.MemManage_Handler  stm32f10x_it.o
    0x08002154   0x00000002   Code   RO            5    i.NMI_Handler       stm32f10x_it.o
    0x08002156   0x00000002   PAD
    0x08002158   0x00000070   Code   RO          324    i.NVIC_Init         misc.o
    0x080021c8   0x00000014   Code   RO          325    i.NVIC_PriorityGroupConfig  misc.o
    0x080021dc   0x00000020   Code   RO          530    i.RCC_APB1PeriphClockCmd  stm32f10x_rcc.o
    0x080021fc   0x00000020   Code   RO          531    i.RCC_APB1PeriphResetCmd  stm32f10x_rcc.o
    0x0800221c   0x00000020   Code   RO          532    i.RCC_APB2PeriphClockCmd  stm32f10x_rcc.o
    0x0800223c   0x00000020   Code   RO          533    i.RCC_APB2PeriphResetCmd  stm32f10x_rcc.o
    0x0800225c   0x000000d4   Code   RO          540    i.RCC_GetClocksFreq  stm32f10x_rcc.o
    0x08002330   0x00000002   Code   RO            6    i.SVC_Handler       stm32f10x_it.o
    0x08002332   0x00000008   Code   RO          140    i.SetSysClock       system_stm32f10x.o
    0x0800233a   0x00000002   PAD
    0x0800233c   0x000000e0   Code   RO          141    i.SetSysClockTo72   system_stm32f10x.o
    0x0800241c   0x00000020   Code   RO         1680    i.SysTick_Handler   delay.o
    0x0800243c   0x00000060   Code   RO          143    i.SystemInit        system_stm32f10x.o
    0x0800249c   0x00000050   Code   RO          180    i.USART1_IRQHandler  main.o
    0x080024ec   0x00000088   Code   RO         1759    i.USART1_InitPins   usart.o
    0x08002574   0x00000028   Code   RO         1760    i.USART2_IRQHandler  usart.o
    0x0800259c   0x0000008c   Code   RO         1761    i.USART2_InitPins   usart.o
    0x08002628   0x00000028   Code   RO         1762    i.USART3_IRQHandler  usart.o
    0x08002650   0x000000d4   Code   RO         1763    i.USART3_InitPins   usart.o
    0x08002724   0x00000018   Code   RO          732    i.USART_Cmd         stm32f10x_usart.o
    0x0800273c   0x0000009c   Code   RO          734    i.USART_DeInit      stm32f10x_usart.o
    0x080027d8   0x0000001a   Code   RO          735    i.USART_GetFlagStatus  stm32f10x_usart.o
    0x080027f2   0x00000054   Code   RO          736    i.USART_GetITStatus  stm32f10x_usart.o
    0x08002846   0x00000002   PAD
    0x08002848   0x00000028   Code   RO         1770    i.USART_INT_GetSubPriority  usart.o
    0x08002870   0x0000002c   Code   RO         1772    i.USART_INT_InsertToBuffer  usart.o
    0x0800289c   0x0000004a   Code   RO          738    i.USART_ITConfig    stm32f10x_usart.o
    0x080028e6   0x00000002   PAD
    0x080028e8   0x000000d8   Code   RO          739    i.USART_Init        stm32f10x_usart.o
    0x080029c0   0x0000001a   Code   RO         1773    i.USART_Putc        usart.o
    0x080029da   0x0000001a   Code   RO         1774    i.USART_Puts        usart.o
    0x080029f4   0x0000000a   Code   RO          746    i.USART_ReceiveData  stm32f10x_usart.o
    0x080029fe   0x00000002   PAD
    0x08002a00   0x000000e8   Code   RO         1775    i.USARTx_Init       usart.o
    0x08002ae8   0x00000004   Code   RO            7    i.UsageFault_Handler  stm32f10x_it.o
    0x08002aec   0x0000000e   Code   RO         3113    i.__mathlib_dbl_overflow  m_ws.l(dunder.o)
    0x08002afa   0x00000002   PAD
    0x08002afc   0x00000010   Code   RO         3115    i.__mathlib_dbl_underflow  m_ws.l(dunder.o)
    0x08002b0c   0x00000010   Code   RO         3003    i.__mathlib_narrow  m_ws.l(narrow.o)
    0x08002b1c   0x00000088   Code   RO         3004    i.__mathlib_tofloat  m_ws.l(narrow.o)
    0x08002ba4   0x00000016   Code   RO         3085    i.__support_ldexp   m_ws.l(ldexp.o)
    0x08002bba   0x0000000e   Code   RO         2713    i._is_digit         c_w.l(__printf_wp.o)
    0x08002bc8   0x00000048   Code   RO         1886    i.buffer_skip_whitespace  cjson.o
    0x08002c10   0x00000058   Code   RO         1918    i.cJSON_Delete      cjson.o
    0x08002c68   0x00000012   Code   RO         1931    i.cJSON_GetObjectItem  cjson.o
    0x08002c7a   0x0000001a   Code   RO         1948    i.cJSON_New_Item    cjson.o
    0x08002c94   0x00000010   Code   RO         1949    i.cJSON_Parse       cjson.o
    0x08002ca4   0x000000d4   Code   RO         1951    i.cJSON_ParseWithLengthOpts  cjson.o
    0x08002d78   0x00000028   Code   RO         1952    i.cJSON_ParseWithOpts  cjson.o
    0x08002da0   0x00000184   Code   RO          181    i.cJSON_handler     main.o
    0x08002f24   0x00000048   Code   RO         1967    i.case_insensitive_strcmp  cjson.o
    0x08002f6c   0x00000068   Code   RO         1683    i.delay_init        delay.o
    0x08002fd4   0x000001dc   Code   RO         1747    i.exit_Init         exit.o
    0x080031b0   0x00000018   Code   RO         1776    i.fputc             usart.o
    0x080031c8   0x00000058   Code   RO         3045    i.frexp             m_ws.l(frexp.o)
    0x08003220   0x00000004   Code   RO         1973    i.get_decimal_point  cjson.o
    0x08003224   0x00000052   Code   RO         1974    i.get_object_item   cjson.o
    0x08003276   0x00000002   PAD
    0x08003278   0x000000ac   Code   RO         1644    i.io_Set            io.o
    0x08003324   0x00000074   Code   RO         3086    i.ldexp             m_ws.l(ldexp.o)
    0x08003398   0x000000f8   Code   RO          185    i.main              main.o
    0x08003490   0x000000f8   Code   RO         1976    i.parse_array       cjson.o
    0x08003588   0x0000005a   Code   RO         1977    i.parse_hex4        cjson.o
    0x080035e2   0x00000002   PAD
    0x080035e4   0x00000138   Code   RO         1978    i.parse_number      cjson.o
    0x0800371c   0x0000013e   Code   RO         1979    i.parse_object      cjson.o
    0x0800385a   0x0000018c   Code   RO         1980    i.parse_string      cjson.o
    0x080039e6   0x00000002   PAD
    0x080039e8   0x0000013c   Code   RO         1981    i.parse_value       cjson.o
    0x08003b24   0x00000040   Code   RO          186    i.select_pin_special_PB3  main.o
    0x08003b64   0x0000016c   Code   RO          187    i.sendData          main.o
    0x08003cd0   0x0000003c   Code   RO         1992    i.skip_utf8_bom     cjson.o
    0x08003d0c   0x0000001c   Code   RO         2786    i.strtod            m_ws.l(strtod.o)
    0x08003d28   0x0000012c   Code   RO         1995    i.utf16_literal_to_utf8  cjson.o
    0x08003e54   0x0000002c   Code   RO         2974    locale$$code        c_w.l(lc_ctype_c.o)
    0x08003e80   0x0000002c   Code   RO         2977    locale$$code        c_w.l(lc_numeric_c.o)
    0x08003eac   0x00000062   Code   RO         3040    x$fpl$d2f           fz_ws.l(d2f.o)
    0x08003f0e   0x00000002   PAD
    0x08003f10   0x00000010   Code   RO         3107    x$fpl$dcheck1       fz_ws.l(dcheck1.o)
    0x08003f20   0x00000018   Code   RO         2887    x$fpl$dcmpinf       fz_ws.l(dcmpi.o)
    0x08003f38   0x00000078   Code   RO         3042    x$fpl$deqf          fz_ws.l(deqf.o)
    0x08003fb0   0x0000005e   Code   RO         2759    x$fpl$dfix          fz_ws.l(dfix.o)
    0x0800400e   0x00000002   PAD
    0x08004010   0x0000005a   Code   RO         2763    x$fpl$dfixu         fz_ws.l(dfixu.o)
    0x0800406a   0x00000002   PAD
    0x0800406c   0x00000078   Code   RO         2773    x$fpl$dleqf         fz_ws.l(dleqf.o)
    0x080040e4   0x0000009c   Code   RO         2889    x$fpl$dnaninf       fz_ws.l(dnaninf.o)
    0x08004180   0x0000006c   Code   RO         2777    x$fpl$drleqf        fz_ws.l(drleqf.o)
    0x080041ec   0x0000000a   Code   RO         3080    x$fpl$fretinf       fz_ws.l(fretinf.o)
    0x080041f6   0x00000064   Code   RO         3147    x$fpl$retnan        fz_ws.l(retnan.o)
    0x0800425a   0x0000005c   Code   RO         3082    x$fpl$scalbn        fz_ws.l(scalbn.o)
    0x080042b6   0x00000004   Code   RO         2783    x$fpl$scanf1        fz_ws.l(scanf1.o)
    0x080042ba   0x00000008   Code   RO         2995    x$fpl$scanf2        fz_ws.l(scanf2.o)
    0x080042c2   0x00000030   Code   RO         3149    x$fpl$trapveneer    fz_ws.l(trapv.o)
    0x080042f2   0x00000000   Code   RO         2895    x$fpl$usenofp       fz_ws.l(usenofp.o)
    0x080042f2   0x00000011   Data   RO         2716    .constdata          c_w.l(__printf_flags_wp.o)
    0x08004303   0x00000001   PAD
    0x08004304   0x00000094   Data   RO         2945    .constdata          c_w.l(bigflt0.o)
    0x08004398   0x00000020   Data   RO         3151    Region$$Table       anon$$obj.o
    0x080043b8   0x00000008   Data   RO         2988    c$$dinf             fz_ws.l(fpconst.o)
    0x080043c0   0x00000110   Data   RO         2973    locale$$data        c_w.l(lc_ctype_c.o)
    0x080044d0   0x0000001c   Data   RO         2976    locale$$data        c_w.l(lc_numeric_c.o)


    Execution Region RW_IRAM1 (Base: 0x20000000, Size: 0x00000a00, Max: 0x00005000, ABSOLUTE, COMPRESSED[0x0000004c])

    Base Addr    Size         Type   Attr      Idx    E Section Name        Object

    0x20000000   0x00000014   Data   RW          144    .data               system_stm32f10x.o
    0x20000014   0x00000100   Data   RW          192    .data               main.o
    0x20000114   0x00000014   Data   RW          560    .data               stm32f10x_rcc.o
    0x20000128   0x0000000c   Data   RW         1689    .data               delay.o
    0x20000134   0x0000002c   Data   RW         1778    .data               usart.o
    0x20000160   0x00000014   Data   RW         1997    .data               cjson.o
    0x20000174   0x000001cc   Zero   RW          190    .bss                main.o
    0x20000340   0x00000060   Zero   RW         1777    .bss                usart.o
    0x200003a0   0x00000060   Zero   RW         2899    .bss                c_w.l(libspace.o)
    0x20000400   0x00000200   Zero   RW          317    HEAP                startup_stm32f10x_md.o
    0x20000600   0x00000400   Zero   RW          316    STACK               startup_stm32f10x_md.o


==============================================================================

Image component sizes


      Code (inc. data)   RO Data    RW Data    ZI Data      Debug   Object Name

      2670         66          0         20          0      16869   cjson.o
       136         22          0         12          0      16819   delay.o
       476         28          0          0          0       1292   exit.o
       172         30          0          0          0       1065   io.o
      1292        360          0        256        460      26065   main.o
       132         22          0          0          0       1499   misc.o
        64         26        236          0       1536        856   startup_stm32f10x_md.o
       200         18          0          0          0       2052   stm32f10x_exti.o
       490         10          0          0          0       3897   stm32f10x_gpio.o
        22          0          0          0          0     236351   stm32f10x_it.o
       340         44          0         20          0       5484   stm32f10x_rcc.o
       590         28          0          0          0       6159   stm32f10x_usart.o
       328         28          0         20          0       2189   system_stm32f10x.o
       960         96          0         44         96      11082   usart.o

    ----------------------------------------------------------------------
      7894        778        268        372       2092     331679   Object Totals
         0          0         32          0          0          0   (incl. Generated)
        22          0          0          0          0          0   (incl. Padding)

    ----------------------------------------------------------------------

      Code (inc. data)   RO Data    RW Data    ZI Data      Debug   Library Member Name

        24          4          0          0          0         84   __2printf.o
        44          6          0          0          0         84   __2sprintf.o
        90          0          0          0          0          0   __dczerorl2.o
         8          0          0          0          0         68   __main.o
       312          4         17          0          0         92   __printf_flags_wp.o
        14          0          0          0          0         68   __printf_wp.o
         0          0          0          0          0          0   __rtentry.o
        12          0          0          0          0          0   __rtentry2.o
         6          0          0          0          0          0   __rtentry4.o
        52          8          0          0          0          0   __scatter.o
        28          0          0          0          0          0   __scatter_zi.o
        28          0          0          0          0         68   _chval.o
        44          0          0          0          0        108   _printf_char.o
        48          6          0          0          0         96   _printf_char_common.o
        36          4          0          0          0         80   _printf_char_file.o
         6          0          0          0          0          0   _printf_d.o
       120         16          0          0          0         92   _printf_dec.o
       178          0          0          0          0         88   _printf_intcommon.o
         0          0          0          0          0          0   _printf_percent.o
         4          0          0          0          0          0   _printf_percent_end.o
         6          0          0          0          0          0   _printf_s.o
        82          0          0          0          0         80   _printf_str.o
        22          0          0          0          0        100   _rserrno.o
        64          0          0          0          0         84   _sgetc.o
        10          0          0          0          0         68   _sputc.o
       220          4        148          0          0         96   bigflt0.o
      1846        132          0          0          0        736   btod.o
        10          0          0          0          0         68   defsig_exit.o
        50          0          0          0          0         88   defsig_general.o
        80         58          0          0          0         76   defsig_rtmem_inner.o
        14          0          0          0          0         80   defsig_rtmem_outer.o
        18          0          0          0          0         80   exit.o
         8          0          0          0          0         68   ferror.o
        94          0          0          0          0         80   h1_alloc.o
        52          0          0          0          0         68   h1_extend.o
        78          0          0          0          0         80   h1_free.o
        14          0          0          0          0         84   h1_init.o
       184          0          0          0          0         92   h1_realloc.o
         6          0          0          0          0        152   heapauxi.o
         4          0          0          0          0        136   hguard.o
         0          0          0          0          0          0   indicate_semi.o
       138          0          0          0          0        168   init_alloc.o
        18          0          0          0          0         76   isspace.o
        44         10        272          0          0         76   lc_ctype_c.o
        44         10         28          0          0         76   lc_numeric_c.o
         2          0          0          0          0          0   libinit.o
        38          0          0          0          0          0   libinit2.o
         2          0          0          0          0          0   libshutdown.o
         2          0          0          0          0          0   libshutdown2.o
         8          4          0          0         96         68   libspace.o
        38          0          0          0          0         68   llshl.o
         0          0          0          0          0          0   maybetermalloc1.o
        16          4          0          0          0         76   rt_ctype_table.o
         8          4          0          0          0         68   rt_errno_addr_intlibspace.o
         8          4          0          0          0         68   rt_heap_descriptor_intlibspace.o
         8          4          0          0          0         68   rt_locale_intlibspace.o
        78          0          0          0          0         80   rt_memclr_w.o
       100          0          0          0          0         80   rt_memcpy_w.o
         2          0          0          0          0          0   rtexit.o
        10          0          0          0          0          0   rtexit2.o
      1188         12          0          0          0        148   scanf_fp.o
       792         14          0          0          0        100   scanf_hexfp.o
       308         16          0          0          0        100   scanf_infnan.o
        24          0          0          0          0         68   strcat.o
       128          0          0          0          0         68   strcmpv7m.o
        62          0          0          0          0         76   strlen.o
       150          0          0          0          0         80   strncmp.o
        36          0          0          0          0         80   strstr.o
       160         12          0          0          0        120   strtod.o
        12          4          0          0          0         68   sys_exit.o
        74          0          0          0          0         80   sys_stackheap_outer.o
        14          0          0          0          0         76   sys_wrch.o
        26          0          0          0          0         76   tolower.o
         2          0          0          0          0         68   use_no_semi.o
        98          4          0          0          0         92   d2f.o
        16          4          0          0          0         68   dcheck1.o
        24          0          0          0          0         68   dcmpi.o
       120          4          0          0          0         92   deqf.o
        94          4          0          0          0         92   dfix.o
        90          4          0          0          0         92   dfixu.o
       120          4          0          0          0         92   dleqf.o
       156          4          0          0          0         92   dnaninf.o
       108          0          0          0          0         80   drleqf.o
         0          0          8          0          0          0   fpconst.o
        10          0          0          0          0         68   fretinf.o
       100          0          0          0          0         68   retnan.o
        92          0          0          0          0         68   scalbn.o
         4          0          0          0          0         68   scanf1.o
         8          0          0          0          0         84   scanf2.o
        48          0          0          0          0         68   trapv.o
         0          0          0          0          0          0   usenofp.o
        30          6          0          0          0        136   dunder.o
        88          8          0          0          0         76   frexp.o
       138          0          0          0          0        160   ldexp.o
       152          4          0          0          0        168   narrow.o
        28          0          0          0          0         80   strtod.o

    ----------------------------------------------------------------------
      9008        388        474          0         96       7236   Library Totals
        28          2          1          0          0          0   (incl. Padding)

    ----------------------------------------------------------------------

      Code (inc. data)   RO Data    RW Data    ZI Data      Debug   Library Name

      7456        340        465          0         96       5424   c_w.l
      1088         28          8          0          0       1192   fz_ws.l
       436         18          0          0          0        620   m_ws.l

    ----------------------------------------------------------------------
      9008        388        474          0         96       7236   Library Totals

    ----------------------------------------------------------------------

==============================================================================


      Code (inc. data)   RO Data    RW Data    ZI Data      Debug   

     16902       1166        742        372       2188     330903   Grand Totals
     16902       1166        742         76       2188     330903   ELF Image Totals (compressed)
     16902       1166        742         76          0          0   ROM Totals

==============================================================================

    Total RO  Size (Code + RO Data)                17644 (  17.23kB)
    Total RW  Size (RW Data + ZI Data)              2560 (   2.50kB)
    Total ROM Size (Code + RO Data + RW Data)      17720 (  17.30kB)

==============================================================================

