<html>
<body>
<pre>
<h1>µVision Build Log</h1>
<h2>Tool Versions:</h2>
IDE-Version: µVision V5.17.0.0
Copyright (C) 2015 ARM Ltd and ARM Germany GmbH. All rights reserved.
License Information: linh dang, acb, LIC=MPP56-DQP7X-Y6KQX-HPAX0-B9KMA-T2GD6
 
Tool Versions:
Toolchain:       MDK-ARM Standard  Version: 5.17
Toolchain Path:  C:\Keil_v5\ARM\ARMCC\Bin
C Compiler:      Armcc.exe V5.06 update 1 (build 61)
Assembler:       Armasm.exe V5.06 update 1 (build 61)
Linker/Locator:  ArmLink.exe V5.06 update 1 (build 61)
Library Manager: ArmAr.exe V5.06 update 1 (build 61)
Hex Converter:   FromElf.exe V5.06 update 1 (build 61)
CPU DLL:         SARMCM3.DLL V5.17
Dialog DLL:      DCM.DLL V1.13.4.0
Target DLL:      STLink\ST-LINKIII-KEIL_SWO.dll V2.0.18.0
Dialog DLL:      TCM.DLL V1.14.6.0
 
<h2>Project:</h2>
D:\02_DOC\vi xu ly stm32\luan van\step_motor\step_motor.uvprojx
Project File Date:  11/13/2022

<h2>Output:</h2>
*** Using Compiler 'V5.06 update 1 (build 61)', folder: 'C:\Keil_v5\ARM\ARMCC\Bin'
Rebuild target '03_pwm'
assembling startup_stm32f10x_md.s...
compiling stm32f10x_usart.c...
compiling stm32f10x_exti.c...
compiling stm32f10x_it.c...
compiling core_cm3.c...
compiling system_stm32f10x.c...
compiling stm32f10x_gpio.c...
compiling misc.c...
compiling stm32f10x_rcc.c...
compiling stm32f10x_flash.c...
compiling main.c...
main.c(169): warning:  #1295-D: Deprecated declaration select_pin_special_PB3 - give arg types
  void select_pin_special_PB3();
main.c(173): warning:  #1295-D: Deprecated declaration Clear_Data_RX - give arg types
  void Clear_Data_RX();
main.c(175): warning:  #1295-D: Deprecated declaration sendData - give arg types
  void sendData();
main.c(847): warning:  #1-D: last line of file ends without a newline
  }
main.c: 4 warnings, 0 errors
compiling stm32f10x_tim.c...
compiling delay.c...
compiling io.c...
compiling exit.c...
compiling myFlash.c...
compiling cJSON.c...
compiling usart.c...
linking...
Program Size: Code=17140 RO-data=724 RW-data=316 ZI-data=2324  
FromELF: creating hex file...
".\Objects\03_pwm.axf" - 0 Error(s), 4 Warning(s).

<h2>Collection of Component include folders:</h2>
  D:\02_DOC\vi xu ly stm32\luan van\step_motor\RTE
  C:\Keil_v5\ARM\PACK\Keil\STM32F1xx_DFP\2.3.0\Device\Include

<h2>Collection of Component Files used:</h2>
Build Time Elapsed:  00:00:02
</pre>
</body>
</html>
